Archive member included to satisfy reference by file (symbol)

c:/programdata/matlab/supportpackages/r2023a/3p.instrset/gnuarm-armcortex.instrset/win/bin/../lib/gcc/arm-none-eabi/9.3.1/../../../../arm-none-eabi/lib/thumb/v7e-m+fp/hard\libm.a(lib_a-s_floor.o)
                              MicroMouseTemplate.o (floor)
c:/programdata/matlab/supportpackages/r2023a/3p.instrset/gnuarm-armcortex.instrset/win/bin/../lib/gcc/arm-none-eabi/9.3.1/../../../../arm-none-eabi/lib/thumb/v7e-m+fp/hard\libm.a(lib_a-w_fmod.o)
                              MicroMouseTemplate.o (fmod)
c:/programdata/matlab/supportpackages/r2023a/3p.instrset/gnuarm-armcortex.instrset/win/bin/../lib/gcc/arm-none-eabi/9.3.1/../../../../arm-none-eabi/lib/thumb/v7e-m+fp/hard\libm.a(lib_a-e_fmod.o)
                              c:/programdata/matlab/supportpackages/r2023a/3p.instrset/gnuarm-armcortex.instrset/win/bin/../lib/gcc/arm-none-eabi/9.3.1/../../../../arm-none-eabi/lib/thumb/v7e-m+fp/hard\libm.a(lib_a-w_fmod.o) (__ieee754_fmod)
c:/programdata/matlab/supportpackages/r2023a/3p.instrset/gnuarm-armcortex.instrset/win/bin/../lib/gcc/arm-none-eabi/9.3.1/../../../../arm-none-eabi/lib/thumb/v7e-m+fp/hard\libm.a(lib_a-s_lib_ver.o)
                              c:/programdata/matlab/supportpackages/r2023a/3p.instrset/gnuarm-armcortex.instrset/win/bin/../lib/gcc/arm-none-eabi/9.3.1/../../../../arm-none-eabi/lib/thumb/v7e-m+fp/hard\libm.a(lib_a-w_fmod.o) (__fdlib_version)
c:/programdata/matlab/supportpackages/r2023a/3p.instrset/gnuarm-armcortex.instrset/win/bin/../lib/gcc/arm-none-eabi/9.3.1/thumb/v7e-m+fp/hard\libgcc.a(_arm_muldf3.o)
                              c:/programdata/matlab/supportpackages/r2023a/3p.instrset/gnuarm-armcortex.instrset/win/bin/../lib/gcc/arm-none-eabi/9.3.1/../../../../arm-none-eabi/lib/thumb/v7e-m+fp/hard\libm.a(lib_a-e_fmod.o) (__aeabi_dmul)
c:/programdata/matlab/supportpackages/r2023a/3p.instrset/gnuarm-armcortex.instrset/win/bin/../lib/gcc/arm-none-eabi/9.3.1/thumb/v7e-m+fp/hard\libgcc.a(_arm_addsubdf3.o)
                              c:/programdata/matlab/supportpackages/r2023a/3p.instrset/gnuarm-armcortex.instrset/win/bin/../lib/gcc/arm-none-eabi/9.3.1/../../../../arm-none-eabi/lib/thumb/v7e-m+fp/hard\libm.a(lib_a-s_floor.o) (__aeabi_dadd)
c:/programdata/matlab/supportpackages/r2023a/3p.instrset/gnuarm-armcortex.instrset/win/bin/../lib/gcc/arm-none-eabi/9.3.1/thumb/v7e-m+fp/hard\libgcc.a(_arm_muldivdf3.o)
                              c:/programdata/matlab/supportpackages/r2023a/3p.instrset/gnuarm-armcortex.instrset/win/bin/../lib/gcc/arm-none-eabi/9.3.1/../../../../arm-none-eabi/lib/thumb/v7e-m+fp/hard\libm.a(lib_a-w_fmod.o) (__aeabi_ddiv)
c:/programdata/matlab/supportpackages/r2023a/3p.instrset/gnuarm-armcortex.instrset/win/bin/../lib/gcc/arm-none-eabi/9.3.1/thumb/v7e-m+fp/hard\libgcc.a(_arm_cmpdf2.o)
                              MicroMouseTemplate.o (__aeabi_dcmpeq)
c:/programdata/matlab/supportpackages/r2023a/3p.instrset/gnuarm-armcortex.instrset/win/bin/../lib/gcc/arm-none-eabi/9.3.1/thumb/v7e-m+fp/hard\libgcc.a(_arm_unorddf2.o)
                              c:/programdata/matlab/supportpackages/r2023a/3p.instrset/gnuarm-armcortex.instrset/win/bin/../lib/gcc/arm-none-eabi/9.3.1/../../../../arm-none-eabi/lib/thumb/v7e-m+fp/hard\libm.a(lib_a-w_fmod.o) (__aeabi_dcmpun)
c:/programdata/matlab/supportpackages/r2023a/3p.instrset/gnuarm-armcortex.instrset/win/bin/../lib/gcc/arm-none-eabi/9.3.1/thumb/v7e-m+fp/hard\libgcc.a(_arm_fixunsdfsi.o)
                              MicroMouseTemplate.o (__aeabi_d2uiz)
c:/programdata/matlab/supportpackages/r2023a/3p.instrset/gnuarm-armcortex.instrset/win/bin/../lib/gcc/arm-none-eabi/9.3.1/../../../../arm-none-eabi/lib/thumb/v7e-m+fp/hard\libc_nano.a(lib_a-errno.o)
                              syscalls.o (__errno)
c:/programdata/matlab/supportpackages/r2023a/3p.instrset/gnuarm-armcortex.instrset/win/bin/../lib/gcc/arm-none-eabi/9.3.1/../../../../arm-none-eabi/lib/thumb/v7e-m+fp/hard\libc_nano.a(lib_a-exit.o)
                              c:/programdata/matlab/supportpackages/r2023a/3p.instrset/gnuarm-armcortex.instrset/win/bin/../lib/gcc/arm-none-eabi/9.3.1/../../../../arm-none-eabi/lib/thumb/v7e-m+fp/hard/crt0.o (exit)
c:/programdata/matlab/supportpackages/r2023a/3p.instrset/gnuarm-armcortex.instrset/win/bin/../lib/gcc/arm-none-eabi/9.3.1/../../../../arm-none-eabi/lib/thumb/v7e-m+fp/hard\libc_nano.a(lib_a-impure.o)
                              c:/programdata/matlab/supportpackages/r2023a/3p.instrset/gnuarm-armcortex.instrset/win/bin/../lib/gcc/arm-none-eabi/9.3.1/../../../../arm-none-eabi/lib/thumb/v7e-m+fp/hard\libc_nano.a(lib_a-exit.o) (_global_impure_ptr)
c:/programdata/matlab/supportpackages/r2023a/3p.instrset/gnuarm-armcortex.instrset/win/bin/../lib/gcc/arm-none-eabi/9.3.1/../../../../arm-none-eabi/lib/thumb/v7e-m+fp/hard\libc_nano.a(lib_a-init.o)
[...]
Memory Configuration

Name             Origin             Length             Attributes
RAM              0x20000000         0x00018000         xrw
RAM2             0x10000000         0x00008000         xrw
FLASH            0x08000000         0x00080000         xr
*default*        0x00000000         0xffffffff

Linker script and memory map

LOAD c:/programdata/matlab/supportpackages/r2023a/3p.instrset/gnuarm-armcortex.instrset/win/bin/../lib/gcc/arm-none-eabi/9.3.1/thumb/v7e-m+fp/hard/crti.o
LOAD c:/programdata/matlab/supportpackages/r2023a/3p.instrset/gnuarm-armcortex.instrset/win/bin/../lib/gcc/arm-none-eabi/9.3.1/thumb/v7e-m+fp/hard/crtbegin.o
LOAD c:/programdata/matlab/supportpackages/r2023a/3p.instrset/gnuarm-armcortex.instrset/win/bin/../lib/gcc/arm-none-eabi/9.3.1/../../../../arm-none-eabi/lib/thumb/v7e-m+fp/hard/crt0.o
LOAD stm_timer_ll.o
LOAD stm_adc_ll.o
LOAD MicroMouseTemplate.o
LOAD MicroMouseTemplate_data.o
LOAD ert_main.o
LOAD IMU.o
LOAD CustomWhile.o
LOAD Motors.o
LOAD overrideHALDelay.o
LOAD platform_timer.o
LOAD SysTickScheduler.o
LOAD m3m4m4f_multitasking.o
LOAD main.o
LOAD gpio.o
LOAD adc.o
LOAD dma.o
LOAD i2c.o
LOAD tim.o
LOAD usart.o
LOAD usb_device.o
LOAD usbd_conf.o
LOAD usbd_desc.o
LOAD usbd_cdc_if.o
LOAD stm32l4xx_it.o
LOAD stm32l4xx_hal_msp.o
LOAD stm32l4xx_hal_timebase_tim.o
LOAD stm32l4xx_ll_utils.o
LOAD stm32l4xx_ll_exti.o
LOAD stm32l4xx_ll_gpio.o
LOAD stm32l4xx_hal_pcd.o
LOAD stm32l4xx_hal_pcd_ex.o
LOAD stm32l4xx_ll_usb.o
LOAD stm32l4xx_hal.o
LOAD stm32l4xx_hal_rcc.o
LOAD stm32l4xx_hal_rcc_ex.o
LOAD stm32l4xx_hal_flash.o
LOAD stm32l4xx_hal_flash_ex.o
LOAD stm32l4xx_hal_flash_ramfunc.o
LOAD stm32l4xx_hal_gpio.o
LOAD stm32l4xx_hal_i2c.o
LOAD stm32l4xx_hal_i2c_ex.o
LOAD stm32l4xx_hal_dma.o
LOAD stm32l4xx_hal_dma_ex.o
LOAD stm32l4xx_hal_pwr.o
LOAD stm32l4xx_hal_pwr_ex.o
LOAD stm32l4xx_hal_cortex.o
LOAD stm32l4xx_hal_exti.o
LOAD stm32l4xx_ll_adc.o
LOAD stm32l4xx_ll_dma.o
LOAD stm32l4xx_hal_tim.o
LOAD stm32l4xx_hal_tim_ex.o
LOAD stm32l4xx_ll_tim.o
LOAD stm32l4xx_ll_usart.o
LOAD stm32l4xx_ll_rcc.o
LOAD usbd_core.o
LOAD usbd_ctlreq.o
LOAD usbd_ioreq.o
LOAD usbd_cdc.o
LOAD system_stm32l4xx.o
LOAD syscalls.o
LOAD sysmem.o
LOAD startup_stm32l476vetx.o
LOAD code_profiling_utility_functions.o
LOAD C:/ProgramData/MATLAB/SupportPackages/R2023a/3P.instrset/cmsis.instrset/CMSIS/DSP/Lib/GCC/libarm_cortexM4lf_math.a
LOAD c:/programdata/matlab/supportpackages/r2023a/3p.instrset/gnuarm-armcortex.instrset/win/bin/../lib/gcc/arm-none-eabi/9.3.1/../../../../arm-none-eabi/lib/thumb/v7e-m+fp/hard\libstdc++_nano.a
LOAD c:/programdata/matlab/supportpackages/r2023a/3p.instrset/gnuarm-armcortex.instrset/win/bin/../lib/gcc/arm-none-eabi/9.3.1/../../../../arm-none-eabi/lib/thumb/v7e-m+fp/hard\libm.a
START GROUP
LOAD c:/programdata/matlab/supportpackages/r2023a/3p.instrset/gnuarm-armcortex.instrset/win/bin/../lib/gcc/arm-none-eabi/9.3.1/thumb/v7e-m+fp/hard\libgcc.a
LOAD c:/programdata/matlab/supportpackages/r2023a/3p.instrset/gnuarm-armcortex.instrset/win/bin/../lib/gcc/arm-none-eabi/9.3.1/../../../../arm-none-eabi/lib/thumb/v7e-m+fp/hard\libc_nano.a
END GROUP
START GROUP
LOAD c:/programdata/matlab/supportpackages/r2023a/3p.instrset/gnuarm-armcortex.instrset/win/bin/../lib/gcc/arm-none-eabi/9.3.1/thumb/v7e-m+fp/hard\libgcc.a
LOAD c:/programdata/matlab/supportpackages/r2023a/3p.instrset/gnuarm-armcortex.instrset/win/bin/../lib/gcc/arm-none-eabi/9.3.1/../../../../arm-none-eabi/lib/thumb/v7e-m+fp/hard\libc_nano.a
LOAD c:/programdata/matlab/supportpackages/r2023a/3p.instrset/gnuarm-armcortex.instrset/win/bin/../lib/gcc/arm-none-eabi/9.3.1/../../../../arm-none-eabi/lib/thumb/v7e-m+fp/hard\libnosys.a
END GROUP
START GROUP
LOAD c:/programdata/matlab/supportpackages/r2023a/3p.instrset/gnuarm-armcortex.instrset/win/bin/../lib/gcc/arm-none-eabi/9.3.1/thumb/v7e-m+fp/hard\libgcc.a
LOAD c:/programdata/matlab/supportpackages/r2023a/3p.instrset/gnuarm-armcortex.instrset/win/bin/../lib/gcc/arm-none-eabi/9.3.1/../../../../arm-none-eabi/lib/thumb/v7e-m+fp/hard\libc_nano.a
LOAD c:/programdata/matlab/supportpackages/r2023a/3p.instrset/gnuarm-armcortex.instrset/win/bin/../lib/gcc/arm-none-eabi/9.3.1/../../../../arm-none-eabi/lib/thumb/v7e-m+fp/hard\libnosys.a
END GROUP
LOAD c:/programdata/matlab/supportpackages/r2023a/3p.instrset/gnuarm-armcortex.instrset/win/bin/../lib/gcc/arm-none-eabi/9.3.1/thumb/v7e-m+fp/hard/crtend.o
LOAD c:/programdata/matlab/supportpackages/r2023a/3p.instrset/gnuarm-armcortex.instrset/win/bin/../lib/gcc/arm-none-eabi/9.3.1/thumb/v7e-m+fp/hard/crtn.o
                0x20018000                _estack = (ORIGIN (RAM) + LENGTH (RAM))
                0x00000200                _Min_Heap_Size = 0x200
                0x00000400                _Min_Stack_Size = 0x400

.isr_vector     0x08000000      0x188
                0x08000000                . = ALIGN (0x4)
 *(.isr_vector)
 .isr_vector    0x08000000      0x188 startup_stm32l476vetx.o
                0x08000000                g_pfnVectors
                0x08000188                . = ALIGN (0x4)

.text           0x08000188     0xf710
                0x08000188                . = ALIGN (0x4)
 *(.text)
 .text          0x08000188       0x40 c:/programdata/matlab/supportpackages/r2023a/3p.instrset/gnuarm-armcortex.instrset/win/bin/../lib/gcc/arm-none-eabi/9.3.1/thumb/v7e-m+fp/hard/crtbegin.o
 .text          0x080001c8      0x378 c:/programdata/matlab/supportpackages/r2023a/3p.instrset/gnuarm-armcortex.instrset/win/bin/../lib/gcc/arm-none-eabi/9.3.1/thumb/v7e-m+fp/hard\libgcc.a(_arm_addsubdf3.o)
                0x080001c8                __aeabi_drsub
                0x080001d0                __aeabi_dsub
                0x080001d0                __subdf3
                0x080001d4                __aeabi_dadd
                0x080001d4                __adddf3
                0x0800044c                __floatunsidf
                0x0800044c                __aeabi_ui2d
                0x0800046c                __floatsidf
                0x0800046c                __aeabi_i2d
                0x08000490                __aeabi_f2d
                0x08000490                __extendsfdf2
                0x080004d4                __floatundidf
                0x080004d4                __aeabi_ul2d
                0x080004e4                __floatdidf
                0x080004e4                __aeabi_l2d
 .text          0x08000540      0x424 c:/programdata/matlab/supportpackages/r2023a/3p.instrset/gnuarm-armcortex.instrset/win/bin/../lib/gcc/arm-none-eabi/9.3.1/thumb/v7e-m+fp/hard\libgcc.a(_arm_muldivdf3.o)
                0x08000540                __aeabi_dmul
                0x08000540                __muldf3
                0x08000794                __divdf3
                0x08000794                __aeabi_ddiv
 .text          0x08000964      0x110 c:/programdata/matlab/supportpackages/r2023a/3p.instrset/gnuarm-armcortex.instrset/win/bin/../lib/gcc/arm-none-eabi/9.3.1/thumb/v7e-m+fp/hard\libgcc.a(_arm_cmpdf2.o)
                0x08000964                __gtdf2
                0x08000964                __gedf2
                0x0800096c                __ltdf2
                0x0800096c                __ledf2
                0x08000974                __nedf2
                0x08000974                __eqdf2
                0x08000974                __cmpdf2
                0x080009f0                __aeabi_cdrcmple
                0x08000a00                __aeabi_cdcmpeq
                0x08000a00                __aeabi_cdcmple
                0x08000a10                __aeabi_dcmpeq
                0x08000a24                __aeabi_dcmplt
                0x08000a38                __aeabi_dcmple
                0x08000a4c                __aeabi_dcmpge
                0x08000a60                __aeabi_dcmpgt
 .text          0x08000a74       0x2c c:/programdata/matlab/supportpackages/r2023a/3p.instrset/gnuarm-armcortex.instrset/win/bin/../lib/gcc/arm-none-eabi/9.3.1/thumb/v7e-m+fp/hard\libgcc.a(_arm_unorddf2.o)
                0x08000a74                __unorddf2
                0x08000a74                __aeabi_dcmpun
 .text          0x08000aa0       0x40 c:/programdata/matlab/supportpackages/r2023a/3p.instrset/gnuarm-armcortex.instrset/win/bin/../lib/gcc/arm-none-eabi/9.3.1/thumb/v7e-m+fp/hard\libgcc.a(_arm_fixunsdfsi.o)
                0x08000aa0                __aeabi_d2uiz
                0x08000aa0                __fixunsdfsi
 *(.text*)
 .text.LL_TIM_GetCounterMode
                0x08000ae0       0x30 stm_timer_ll.o
 .text.LL_TIM_GetRepetitionCounter
                0x08000b10       0x18 stm_timer_ll.o
 .text.LL_TIM_CC_EnableChannel
                0x08000b28       0x22 stm_timer_ll.o
 .text.LL_TIM_CC_DisableChannel
                0x08000b4a       0x24 stm_timer_ll.o
 .text.LL_TIM_EnableAllOutputs
                0x08000b6e       0x20 stm_timer_ll.o
 .text.LL_TIM_EnableIT_UPDATE
                0x08000b8e       0x20 stm_timer_ll.o
 .text.LL_TIM_DisableIT_UPDATE
                0x08000bae       0x20 stm_timer_ll.o
 .text.LL_TIM_IsEnabledIT_UPDATE
                0x08000bce       0x26 stm_timer_ll.o
 .text.LL_TIM_EnableIT_CC1
                0x08000bf4       0x20 stm_timer_ll.o
 .text.LL_TIM_DisableIT_CC1
                0x08000c14       0x20 stm_timer_ll.o
 .text.LL_TIM_IsEnabledIT_CC1
                0x08000c34       0x26 stm_timer_ll.o
 .text.LL_TIM_EnableIT_CC2
                0x08000c5a       0x20 stm_timer_ll.o
 .text.LL_TIM_DisableIT_CC2
                0x08000c7a       0x20 stm_timer_ll.o
 .text.LL_TIM_IsEnabledIT_CC2
                0x08000c9a       0x26 stm_timer_ll.o
 .text.LL_TIM_EnableIT_CC3
                0x08000cc0       0x20 stm_timer_ll.o
 .text.LL_TIM_DisableIT_CC3
                0x08000ce0       0x20 stm_timer_ll.o
 .text.LL_TIM_IsEnabledIT_CC3
                0x08000d00       0x26 stm_timer_ll.o
 .text.LL_TIM_EnableIT_CC4
                0x08000d26       0x20 stm_timer_ll.o
 .text.LL_TIM_DisableIT_CC4
                0x08000d46       0x20 stm_timer_ll.o
 .text.LL_TIM_IsEnabledIT_CC4
                0x08000d66       0x26 stm_timer_ll.o
 .text.LL_TIM_EnableIT_COM
                0x08000d8c       0x20 stm_timer_ll.o
 .text.LL_TIM_DisableIT_COM
                0x08000dac       0x20 stm_timer_ll.o
 .text.LL_TIM_IsEnabledIT_COM
                0x08000dcc       0x26 stm_timer_ll.o
 .text.LL_TIM_EnableIT_TRIG
                0x08000df2       0x20 stm_timer_ll.o
 .text.LL_TIM_DisableIT_TRIG
                0x08000e12       0x20 stm_timer_ll.o
 .text.LL_TIM_IsEnabledIT_TRIG
                0x08000e32       0x26 stm_timer_ll.o
 .text.LL_TIM_EnableIT_BRK
                0x08000e58       0x20 stm_timer_ll.o
 .text.LL_TIM_DisableIT_BRK
                0x08000e78       0x20 stm_timer_ll.o
 .text.LL_TIM_IsEnabledIT_BRK
                0x08000e98       0x26 stm_timer_ll.o
 .text.enableTimerInterrupts
                0x08000ebe      0x134 stm_timer_ll.o
                0x08000ebe                enableTimerInterrupts
 .text.disableTimerInterrupts
                0x08000ff2      0x134 stm_timer_ll.o
                0x08000ff2                disableTimerInterrupts
 *fill*         0x08001126        0x2 
 .text.enableTimerChannel1
                0x08001128       0xa0 stm_timer_ll.o
                0x08001128                enableTimerChannel1
 .text.disableTimerChannel1
                0x080011c8       0xa0 stm_timer_ll.o
                0x080011c8                disableTimerChannel1
 .text.enableTimerChannel2
                0x08001268       0xa0 stm_timer_ll.o
                0x08001268                enableTimerChannel2
 .text.disableTimerChannel2
                0x08001308       0xa0 stm_timer_ll.o
                0x08001308                disableTimerChannel2
 .text.enableTimerChannel3
                0x080013a8       0xa8 stm_timer_ll.o
                0x080013a8                enableTimerChannel3
 .text.disableTimerChannel3
                0x08001450       0xa8 stm_timer_ll.o
                0x08001450                disableTimerChannel3
 .text.enableTimerChannel4
                0x080014f8       0x28 stm_timer_ll.o
                0x080014f8                enableTimerChannel4
 .text.disableTimerChannel4
                0x08001520       0x28 stm_timer_ll.o
                0x08001520                disableTimerChannel4
 .text.Timer_Handle_Init
                0x08001548       0xf0 stm_timer_ll.o
                0x08001548                Timer_Handle_Init
 .text.checkFrequencyAndDutyCycleLimits
                0x08001638       0x44 stm_timer_ll.o
                0x08001638                checkFrequencyAndDutyCycleLimits
 .text.LL_ADC_DMA_GetRegAddr
                0x0800167c       0x30 stm_adc_ll.o
 .text.LL_ADC_REG_IsTriggerSourceSWStart
                0x080016ac       0x26 stm_adc_ll.o
 .text.LL_ADC_REG_SetSequencerLength
                0x080016d2       0x26 stm_adc_ll.o
 .text.LL_ADC_REG_SetDMATransfer
                0x080016f8       0x26 stm_adc_ll.o
 .text.LL_ADC_INJ_IsTriggerSourceSWStart
                0x0800171e       0x26 stm_adc_ll.o
 .text.LL_ADC_Enable
                0x08001744       0x28 stm_adc_ll.o
 .text.LL_ADC_Disable
                0x0800176c       0x28 stm_adc_ll.o
 .text.LL_ADC_IsEnabled
                0x08001794       0x26 stm_adc_ll.o
 .text.LL_ADC_StartCalibration
                0x080017ba       0x32 stm_adc_ll.o
 .text.LL_ADC_IsCalibrationOnGoing
                0x080017ec       0x28 stm_adc_ll.o
 .text.LL_ADC_REG_StartConversion
                0x08001814       0x28 stm_adc_ll.o
 .text.LL_ADC_INJ_StartConversion
                0x0800183c       0x28 stm_adc_ll.o
 .text.LL_ADC_IsActiveFlag_EOS
                0x08001864       0x26 stm_adc_ll.o
 .text.LL_ADC_IsActiveFlag_OVR
                0x0800188a       0x26 stm_adc_ll.o
 .text.LL_ADC_ClearFlag_OVR
                0x080018b0       0x1a stm_adc_ll.o
 .text.LL_ADC_EnableIT_EOS
                0x080018ca       0x20 stm_adc_ll.o
 .text.LL_ADC_EnableIT_JEOS
                0x080018ea       0x20 stm_adc_ll.o
 .text.LL_ADC_DisableIT_EOS
                0x0800190a       0x20 stm_adc_ll.o
 .text.LL_ADC_DisableIT_OVR
                0x0800192a       0x20 stm_adc_ll.o
 .text.LL_ADC_DisableIT_JEOS
                0x0800194a       0x20 stm_adc_ll.o
 .text.LL_ADC_DisableIT_AWD1
                0x0800196a       0x20 stm_adc_ll.o
 .text.LL_ADC_IsEnabledIT_OVR
                0x0800198a       0x26 stm_adc_ll.o
 .text.LL_ADC_IsEnabledIT_AWD1
                0x080019b0       0x26 stm_adc_ll.o
 *fill*         0x080019d6        0x2 
 .text.LL_DMA_EnableChannel
                0x080019d8       0x44 stm_adc_ll.o
 .text.LL_DMA_DisableChannel
                0x08001a1c       0x44 stm_adc_ll.o
 .text.LL_DMA_GetMode
                0x08001a60       0x34 stm_adc_ll.o
 .text.LL_DMA_SetDataLength
                0x08001a94       0x4c stm_adc_ll.o
 .text.LL_DMA_ConfigAddresses
                0x08001ae0       0x7c stm_adc_ll.o
 .text.LL_DMA_SetPeriphAddress
                0x08001b5c       0x34 stm_adc_ll.o
 .text.LL_DMA_IsActiveFlag_TC2
                0x08001b90       0x26 stm_adc_ll.o
 .text.LL_DMA_ClearFlag_TC2
                0x08001bb6       0x1a stm_adc_ll.o
 .text.LL_DMA_EnableIT_TC
                0x08001bd0       0x44 stm_adc_ll.o
 .text.LL_DMA_EnableIT_TE
                0x08001c14       0x44 stm_adc_ll.o
 .text.LL_DMA_DisableIT_TC
                0x08001c58       0x44 stm_adc_ll.o
 .text.LL_DMA_DisableIT_HT
                0x08001c9c       0x44 stm_adc_ll.o
 .text.LL_DMA_DisableIT_TE
                0x08001ce0       0x44 stm_adc_ll.o
 .text.LL_DMA_IsEnabledIT_TC
                0x08001d24       0x3c stm_adc_ll.o
 .text.regularADCTrigger
                0x08001d60       0x86 stm_adc_ll.o
 .text.configure_ADCs_DMA
                0x08001de6       0x64 stm_adc_ll.o
 .text.deconfigure_ADCs_DMA
                0x08001e4a       0x3e stm_adc_ll.o
 .text.copyADCChannelsFromDMABuffer
                0x08001e88       0x48 stm_adc_ll.o
 .text.ADC_IsEnabledDMAITTransferComplete
                0x08001ed0       0xa2 stm_adc_ll.o
                0x08001ed0                ADC_IsEnabledDMAITTransferComplete
 *fill*         0x08001f72        0x2 
 .text.DMA1_Channel2_IRQHandler
                0x08001f74       0x20 stm_adc_ll.o
                0x08001f74                DMA1_Channel2_IRQHandler
 .text.ADC_IsActiveFlagOVR
                0x08001f94       0x42 stm_adc_ll.o
                0x08001f94                ADC_IsActiveFlagOVR
 .text.startADCConversionForExternalTrigger
                0x08001fd6       0x50 stm_adc_ll.o
                0x08001fd6                startADCConversionForExternalTrigger
 *fill*         0x08002026        0x2 
 .text.ADC_Handle_Init
                0x08002028      0x11c stm_adc_ll.o
                0x08002028                ADC_Handle_Init
 .text.enableADC
                0x08002144       0x2a stm_adc_ll.o
                0x08002144                enableADC
 .text.regularReadADCDMA
                0x0800216e       0xb2 stm_adc_ll.o
                0x0800216e                regularReadADCDMA
 .text.ADC_Handle_Deinit
                0x08002220       0xee stm_adc_ll.o
                0x08002220                ADC_Handle_Deinit
 *fill*         0x0800230e        0x2 
 .text.enableADCAutomaticCalibrationOffset
                0x08002310      0x114 stm_adc_ll.o
                0x08002310                enableADCAutomaticCalibrationOffset
 .text.LL_TIM_EnableCounter
                0x08002424       0x20 MicroMouseTemplate.o
 .text.LL_TIM_DisableCounter
                0x08002444       0x20 MicroMouseTemplate.o
 .text.LL_TIM_SetUpdateSource
                0x08002464       0x26 MicroMouseTemplate.o
 .text.LL_TIM_GetUpdateSource
                0x0800248a       0x1c MicroMouseTemplate.o
 .text.LL_TIM_SetRepetitionCounter
                0x080024a6       0x1c MicroMouseTemplate.o
 .text.LL_TIM_OC_SetCompareCH1
                0x080024c2       0x1c MicroMouseTemplate.o
 .text.LL_TIM_OC_SetCompareCH2
                0x080024de       0x1c MicroMouseTemplate.o
 .text.LL_TIM_OC_SetCompareCH3
                0x080024fa       0x1c MicroMouseTemplate.o
 .text.LL_TIM_OC_SetCompareCH4
                0x08002516       0x1c MicroMouseTemplate.o
 .text.LL_TIM_OC_GetCompareCH1
                0x08002532       0x18 MicroMouseTemplate.o
 .text.LL_TIM_OC_GetCompareCH2
                0x0800254a       0x18 MicroMouseTemplate.o
 .text.LL_TIM_OC_GetCompareCH3
                0x08002562       0x18 MicroMouseTemplate.o
 .text.LL_TIM_OC_GetCompareCH4
                0x0800257a       0x18 MicroMouseTemplate.o
 .text.LL_TIM_GenerateEvent_UPDATE
                0x08002592       0x20 MicroMouseTemplate.o
 .text.LL_GPIO_ReadInputPort
                0x080025b2       0x18 MicroMouseTemplate.o
 .text.LL_GPIO_SetOutputPin
                0x080025ca       0x1c MicroMouseTemplate.o
 .text.LL_GPIO_ResetOutputPin
                0x080025e6       0x1c MicroMouseTemplate.o
 .text.setDutyCycleChannel1
                0x08002602       0x30 MicroMouseTemplate.o
 .text.setDutyCycleChannel2
                0x08002632       0x30 MicroMouseTemplate.o
 .text.setDutyCycleChannel3
                0x08002662       0x30 MicroMouseTemplate.o
 .text.setDutyCycleChannel4
                0x08002692       0x30 MicroMouseTemplate.o
 *fill*         0x080026c2        0x2 
 .text.isSlaveTriggerModeEnabled
                0x080026c4       0x30 MicroMouseTemplate.o
 .text.enableCounter
                0x080026f4      0x100 MicroMouseTemplate.o
 .text.disableCounter
                0x080027f4       0x1a MicroMouseTemplate.o
 .text.MicroMouseTe_MATLABSystem1_Init
                0x0800280e       0x58 MicroMouseTemplate.o
                0x0800280e                MicroMouseTe_MATLABSystem1_Init
 .text.MicroMouseTemplat_MATLABSystem1
                0x08002866       0x76 MicroMouseTemplate.o
                0x08002866                MicroMouseTemplat_MATLABSystem1
 .text.MicroMouseTe_MATLABSystem3_Init
                0x080028dc       0x58 MicroMouseTemplate.o
                0x080028dc                MicroMouseTe_MATLABSystem3_Init
 .text.MicroMouseTemplat_MATLABSystem3
                0x08002934       0x76 MicroMouseTemplate.o
                0x08002934                MicroMouseTemplat_MATLABSystem3
 *fill*         0x080029aa        0x2 
 .text.MicroMouseT_SystemCore_setup_dx
                0x080029ac       0x90 MicroMouseTemplate.o
 .text.MicroMouseTemp_SystemCore_setup
                0x08002a3c       0x98 MicroMouseTemplate.o
 .text.MicroMouseTe_SystemCore_setup_d
                0x08002ad4       0x98 MicroMouseTemplate.o
 *fill*         0x08002b6c        0x4 
 .text.MicroMouseTemplate_step
                0x08002b70     0x13b4 MicroMouseTemplate.o
                0x08002b70                MicroMouseTemplate_step
 .text.MicroMouseTemplate_initialize
                0x08003f24      0x1e4 MicroMouseTemplate.o
                0x08003f24                MicroMouseTemplate_initialize
 .text.MicroMouseTemplate_terminate
                0x08004108      0x100 MicroMouseTemplate.o
                0x08004108                MicroMouseTemplate_terminate
 .text.store_code_profiling_data_point
                0x08004208       0x94 ert_main.o
                0x08004208                store_code_profiling_data_point
 .text.code_profiling_atomic_read_store
                0x0800429c       0x2e ert_main.o
                0x0800429c                code_profiling_atomic_read_store
 *fill*         0x080042ca        0x2 
 .text.rt_OneStep
                0x080042cc       0x58 ert_main.o
                0x080042cc                rt_OneStep
 .text.main     0x08004324      0x100 ert_main.o
                0x08004324                main
 .text.signNumber16
                0x08004424       0x2c IMU.o
                0x08004424                signNumber16
 .text.ReadMem  0x08004450       0x54 IMU.o
 .text.refreshIMUValues
                0x080044a4      0x128 IMU.o
                0x080044a4                refreshIMUValues
 .text.initIMU  0x080045cc       0x9c IMU.o
                0x080045cc                initIMU
 .text.UnInterruptable
                0x08004668       0x3c CustomWhile.o
                0x08004668                UnInterruptable
 .text.Interruptable
                0x080046a4       0x2c CustomWhile.o
                0x080046a4                Interruptable
 .text.CustomWhile
                0x080046d0      0x46c CustomWhile.o
                0x080046d0                CustomWhile
 .text.HAL_Delay
                0x08004b3c       0x2e overrideHALDelay.o
                0x08004b3c                HAL_Delay
 *fill*         0x08004b6a        0x2 
 .text.getCurrentTimestampInMicros
                0x08004b6c       0x40 platform_timer.o
                0x08004b6c                getCurrentTimestampInMicros
 .text.__NVIC_SetPriority
                0x08004bac       0x54 SysTickScheduler.o
 .text.SysTick_Config
                0x08004c00       0x44 SysTickScheduler.o
 .text.SysTick_Isr
                0x08004c44       0x48 SysTickScheduler.o
 .text.SysTick_Handler
                0x08004c8c       0x20 SysTickScheduler.o
                0x08004c8c                SysTick_Handler
 .text.ARMCM_SysTick_Config
                0x08004cac       0xb0 SysTickScheduler.o
                0x08004cac                ARMCM_SysTick_Config
 .text.PendSV_Handler
                0x08004d5c       0x44 m3m4m4f_multitasking.o
                0x08004d5c                PendSV_Handler
 .text.SVC_Handler
                0x08004da0       0x58 m3m4m4f_multitasking.o
                0x08004da0                SVC_Handler
 .text.LL_RCC_HSE_EnableCSS
                0x08004df8       0x20 main.o
 .text.LL_RCC_HSE_Enable
                0x08004e18       0x20 main.o
 .text.LL_RCC_HSE_IsReady
                0x08004e38       0x28 main.o
 .text.LL_RCC_SetSysClkSource
                0x08004e60       0x28 main.o
 .text.LL_RCC_GetSysClkSource
                0x08004e88       0x1c main.o
 .text.LL_RCC_SetAHBPrescaler
                0x08004ea4       0x28 main.o
 .text.LL_RCC_SetAPB1Prescaler
                0x08004ecc       0x28 main.o
 .text.LL_RCC_SetAPB2Prescaler
                0x08004ef4       0x28 main.o
 .text.LL_RCC_PLL_Enable
                0x08004f1c       0x20 main.o
 .text.LL_RCC_PLL_IsReady
                0x08004f3c       0x28 main.o
 .text.LL_RCC_PLL_ConfigDomain_SYS
                0x08004f64       0x40 main.o
 .text.LL_RCC_PLL_EnableDomain_SYS
                0x08004fa4       0x20 main.o
 .text.LL_RCC_PLLSAI1_Enable
                0x08004fc4       0x20 main.o
 .text.LL_RCC_PLLSAI1_IsReady
                0x08004fe4       0x28 main.o
 .text.LL_RCC_PLLSAI1_ConfigDomain_48M
                0x0800500c       0x4c main.o
 .text.LL_RCC_PLLSAI1_EnableDomain_48M
                0x08005058       0x20 main.o
 .text.LL_FLASH_SetLatency
                0x08005078       0x28 main.o
 .text.LL_FLASH_GetLatency
                0x080050a0       0x1c main.o
 .text.LL_PWR_SetRegulVoltageScaling
                0x080050bc       0x28 main.o
 .text.LL_PWR_IsActiveFlag_VOS
                0x080050e4       0x28 main.o
 .text.SystemClock_Config
                0x0800510c       0xa0 main.o
                0x0800510c                SystemClock_Config
 .text.PeriphCommonClock_Config
                0x080051ac       0x2a main.o
                0x080051ac                PeriphCommonClock_Config
 *fill*         0x080051d6        0x2 
 .text.HAL_TIM_PeriodElapsedCallback
                0x080051d8       0x24 main.o
                0x080051d8                HAL_TIM_PeriodElapsedCallback
 .text.Error_Handler
                0x080051fc        0xa main.o
                0x080051fc                Error_Handler
 *fill*         0x08005206        0x2 
 .text.LL_AHB2_GRP1_EnableClock
                0x08005208       0x30 gpio.o
 .text.LL_GPIO_SetOutputPin
                0x08005238       0x1c gpio.o
 .text.LL_GPIO_ResetOutputPin
                0x08005254       0x1c gpio.o
 .text.MX_GPIO_Init
                0x08005270      0x1dc gpio.o
                0x08005270                MX_GPIO_Init
 .text.__NVIC_GetPriorityGrouping
                0x0800544c       0x1c adc.o
 .text.__NVIC_EnableIRQ
                0x08005468       0x3c adc.o
 .text.__NVIC_SetPriority
                0x080054a4       0x54 adc.o
 .text.NVIC_EncodePriority
                0x080054f8       0x66 adc.o
 .text.LL_ADC_SetCommonPathInternalCh
                0x0800555e       0x26 adc.o
 .text.LL_ADC_REG_SetSequencerRanks
                0x08005584       0x58 adc.o
 .text.LL_ADC_SetChannelSamplingTime
                0x080055dc       0x56 adc.o
 *fill*         0x08005632        0x2 
 .text.LL_ADC_SetChannelSingleDiff
                0x08005634       0x48 adc.o
 .text.LL_ADC_SetOverSamplingScope
                0x0800567c       0x2a adc.o
 .text.LL_ADC_SetOverSamplingDiscont
                0x080056a6       0x26 adc.o
 .text.LL_ADC_ConfigOverSamplingRatioShift
                0x080056cc       0x2c adc.o
 .text.LL_ADC_DisableDeepPowerDown
                0x080056f8       0x24 adc.o
 .text.LL_ADC_EnableInternalRegulator
                0x0800571c       0x28 adc.o
 .text.LL_DMA_SetDataTransferDirection
                0x08005744       0x50 adc.o
 .text.LL_DMA_SetMode
                0x08005794       0x4c adc.o
 .text.LL_DMA_SetPeriphIncMode
                0x080057e0       0x4c adc.o
 .text.LL_DMA_SetMemoryIncMode
                0x0800582c       0x4c adc.o
 .text.LL_DMA_SetPeriphSize
                0x08005878       0x4c adc.o
 .text.LL_DMA_SetMemorySize
                0x080058c4       0x4c adc.o
 .text.LL_DMA_SetChannelPriorityLevel
                0x08005910       0x4c adc.o
 .text.LL_DMA_SetPeriphRequest
                0x0800595c       0x64 adc.o
 .text.LL_RCC_SetADCClockSource
                0x080059c0       0x2c adc.o
 .text.LL_AHB2_GRP1_EnableClock
                0x080059ec       0x30 adc.o
 .text.LL_GPIO_EnablePinAnalogControl
                0x08005a1c       0x22 adc.o
 *fill*         0x08005a3e        0x2 
 .text.MX_ADC1_Init
                0x08005a40      0x348 adc.o
                0x08005a40                MX_ADC1_Init
 .text.MX_ADC2_Init
                0x08005d88      0x334 adc.o
                0x08005d88                MX_ADC2_Init
 .text.__NVIC_GetPriorityGrouping
                0x080060bc       0x1c dma.o
 .text.__NVIC_EnableIRQ
                0x080060d8       0x3c dma.o
 .text.__NVIC_SetPriority
                0x08006114       0x54 dma.o
 .text.NVIC_EncodePriority
                0x08006168       0x66 dma.o
 *fill*         0x080061ce        0x2 
 .text.LL_AHB1_GRP1_EnableClock
                0x080061d0       0x30 dma.o
 .text.MX_DMA_Init
                0x08006200       0x8e dma.o
                0x08006200                MX_DMA_Init
 *fill*         0x0800628e        0x2 
 .text.LL_RCC_SetI2CClockSource
                0x08006290       0x50 i2c.o
 .text.MX_I2C2_Init
                0x080062e0       0x80 i2c.o
                0x080062e0                MX_I2C2_Init
 .text.HAL_I2C_MspInit
                0x08006360       0x90 i2c.o
                0x08006360                HAL_I2C_MspInit
 .text.LL_AHB2_GRP1_EnableClock
                0x080063f0       0x30 tim.o
 .text.LL_APB1_GRP1_EnableClock
                0x08006420       0x30 tim.o
 .text.LL_TIM_EnableARRPreload
                0x08006450       0x20 tim.o
 .text.LL_TIM_OC_DisableFast
                0x08006470       0xa4 tim.o
 .text.LL_TIM_OC_EnablePreload
                0x08006514       0xa0 tim.o
 .text.LL_TIM_DisableExternalClock
                0x080065b4       0x20 tim.o
 .text.LL_TIM_SetClockSource
                0x080065d4       0x2a tim.o
 .text.LL_TIM_SetTriggerOutput
                0x080065fe       0x26 tim.o
 .text.LL_TIM_DisableMasterSlaveMode
                0x08006624       0x20 tim.o
 .text.LL_TIM_ConfigETR
                0x08006644       0x32 tim.o
 .text.LL_TIM_SetOCRefClearInputSource
                0x08006676       0x26 tim.o
 .text.MX_TIM3_Init
                0x0800669c      0x160 tim.o
                0x0800669c                MX_TIM3_Init
 .text.MX_TIM4_Init
                0x080067fc       0x9c tim.o
                0x080067fc                MX_TIM4_Init
 .text.HAL_TIM_Base_MspInit
                0x08006898       0x4c tim.o
                0x08006898                HAL_TIM_Base_MspInit
 .text.LL_DMA_SetDataTransferDirection
                0x080068e4       0x50 usart.o
 .text.LL_DMA_SetMode
                0x08006934       0x4c usart.o
 .text.LL_DMA_SetPeriphIncMode
                0x08006980       0x4c usart.o
 .text.LL_DMA_SetMemoryIncMode
                0x080069cc       0x4c usart.o
 .text.LL_DMA_SetPeriphSize
                0x08006a18       0x4c usart.o
 .text.LL_DMA_SetMemorySize
                0x08006a64       0x4c usart.o
 .text.LL_DMA_SetChannelPriorityLevel
                0x08006ab0       0x4c usart.o
 .text.LL_DMA_SetPeriphRequest
                0x08006afc       0x64 usart.o
 .text.LL_RCC_SetUSARTClockSource
                0x08006b60       0x34 usart.o
 .text.LL_AHB2_GRP1_EnableClock
                0x08006b94       0x30 usart.o
 .text.LL_APB1_GRP1_EnableClock
                0x08006bc4       0x30 usart.o
 .text.LL_USART_Enable
                0x08006bf4       0x20 usart.o
 .text.LL_USART_ConfigAsyncMode
                0x08006c14       0x2c usart.o
 .text.MX_USART2_UART_Init
                0x08006c40      0x14c usart.o
                0x08006c40                MX_USART2_UART_Init
 .text.MX_USB_DEVICE_Init
                0x08006d8c       0x60 usb_device.o
                0x08006d8c                MX_USB_DEVICE_Init
 .text.LL_RCC_SetUSBClockSource
                0x08006dec       0x2c usbd_conf.o
 .text.HAL_PCD_MspInit
                0x08006e18       0xf0 usbd_conf.o
                0x08006e18                HAL_PCD_MspInit
 .text.HAL_PCD_SetupStageCallback
                0x08006f08       0x24 usbd_conf.o
                0x08006f08                HAL_PCD_SetupStageCallback
 .text.HAL_PCD_DataOutStageCallback
                0x08006f2c       0x36 usbd_conf.o
                0x08006f2c                HAL_PCD_DataOutStageCallback
 .text.HAL_PCD_DataInStageCallback
                0x08006f62       0x34 usbd_conf.o
                0x08006f62                HAL_PCD_DataInStageCallback
 .text.HAL_PCD_SOFCallback
                0x08006f96       0x1c usbd_conf.o
                0x08006f96                HAL_PCD_SOFCallback
 .text.HAL_PCD_ResetCallback
                0x08006fb2       0x3c usbd_conf.o
                0x08006fb2                HAL_PCD_ResetCallback
 *fill*         0x08006fee        0x2 
 .text.HAL_PCD_SuspendCallback
                0x08006ff0       0x4c usbd_conf.o
                0x08006ff0                HAL_PCD_SuspendCallback
 .text.HAL_PCD_ResumeCallback
                0x0800703c       0x50 usbd_conf.o
                0x0800703c                HAL_PCD_ResumeCallback
 .text.HAL_PCD_ISOOUTIncompleteCallback
                0x0800708c       0x24 usbd_conf.o
                0x0800708c                HAL_PCD_ISOOUTIncompleteCallback
 .text.HAL_PCD_ISOINIncompleteCallback
                0x080070b0       0x24 usbd_conf.o
                0x080070b0                HAL_PCD_ISOINIncompleteCallback
 .text.HAL_PCD_ConnectCallback
                0x080070d4       0x1c usbd_conf.o
                0x080070d4                HAL_PCD_ConnectCallback
 .text.HAL_PCD_DisconnectCallback
                0x080070f0       0x1c usbd_conf.o
                0x080070f0                HAL_PCD_DisconnectCallback
 .text.USBD_LL_Init
                0x0800710c       0x98 usbd_conf.o
                0x0800710c                USBD_LL_Init
 .text.USBD_LL_Start
                0x080071a4       0x64 usbd_conf.o
                0x080071a4                USBD_LL_Start
 .text.USBD_LL_OpenEP
                0x08007208       0x7c usbd_conf.o
                0x08007208                USBD_LL_OpenEP
 .text.USBD_LL_CloseEP
                0x08007284       0x6c usbd_conf.o
                0x08007284                USBD_LL_CloseEP
 .text.USBD_LL_StallEP
                0x080072f0       0x6c usbd_conf.o
                0x080072f0                USBD_LL_StallEP
 .text.USBD_LL_ClearStallEP
                0x0800735c       0x6c usbd_conf.o
                0x0800735c                USBD_LL_ClearStallEP
 .text.USBD_LL_IsStallEP
                0x080073c8       0x58 usbd_conf.o
                0x080073c8                USBD_LL_IsStallEP
 .text.USBD_LL_SetUSBAddress
                0x08007420       0x6c usbd_conf.o
                0x08007420                USBD_LL_SetUSBAddress
 .text.USBD_LL_Transmit
                0x0800748c       0x70 usbd_conf.o
                0x0800748c                USBD_LL_Transmit
 .text.USBD_LL_PrepareReceive
                0x080074fc       0x70 usbd_conf.o
                0x080074fc                USBD_LL_PrepareReceive
 .text.USBD_LL_GetRxDataSize
                0x0800756c       0x26 usbd_conf.o
                0x0800756c                USBD_LL_GetRxDataSize
 *fill*         0x08007592        0x2 
 .text.HAL_PCDEx_LPM_Callback
                0x08007594       0x9c usbd_conf.o
                0x08007594                HAL_PCDEx_LPM_Callback
 .text.USBD_static_malloc
                0x08007630       0x1c usbd_conf.o
                0x08007630                USBD_static_malloc
 .text.USBD_static_free
                0x0800764c       0x14 usbd_conf.o
                0x0800764c                USBD_static_free
 .text.SystemClockConfig_Resume
                0x08007660        0xc usbd_conf.o
 .text.USBD_FS_DeviceDescriptor
                0x0800766c       0x24 usbd_desc.o
                0x0800766c                USBD_FS_DeviceDescriptor
 .text.USBD_FS_LangIDStrDescriptor
                0x08007690       0x24 usbd_desc.o
                0x08007690                USBD_FS_LangIDStrDescriptor
 .text.USBD_FS_ProductStrDescriptor
                0x080076b4       0x3c usbd_desc.o
                0x080076b4                USBD_FS_ProductStrDescriptor
 .text.USBD_FS_ManufacturerStrDescriptor
                0x080076f0       0x28 usbd_desc.o
                0x080076f0                USBD_FS_ManufacturerStrDescriptor
 .text.USBD_FS_SerialStrDescriptor
                0x08007718       0x24 usbd_desc.o
                0x08007718                USBD_FS_SerialStrDescriptor
 .text.USBD_FS_ConfigStrDescriptor
                0x0800773c       0x3c usbd_desc.o
                0x0800773c                USBD_FS_ConfigStrDescriptor
 .text.USBD_FS_InterfaceStrDescriptor
                0x08007778       0x3c usbd_desc.o
                0x08007778                USBD_FS_InterfaceStrDescriptor
 .text.USBD_FS_USR_BOSDescriptor
                0x080077b4       0x24 usbd_desc.o
                0x080077b4                USBD_FS_USR_BOSDescriptor
 .text.Get_SerialNum
                0x080077d8       0x58 usbd_desc.o
 .text.IntToUnicode
                0x08007830       0x7e usbd_desc.o
 *fill*         0x080078ae        0x2 
 .text.CDC_Init_FS
                0x080078b0       0x28 usbd_cdc_if.o
 .text.CDC_DeInit_FS
                0x080078d8       0x10 usbd_cdc_if.o
 .text.CDC_Control_FS
                0x080078e8       0xbc usbd_cdc_if.o
 .text.CDC_Receive_FS
                0x080079a4       0x48 usbd_cdc_if.o
 .text.CDC_Transmit_FS
                0x080079ec       0x4c usbd_cdc_if.o
                0x080079ec                CDC_Transmit_FS
 .text.CDC_TransmitCplt_FS
                0x08007a38       0x22 usbd_cdc_if.o
 .text.NMI_Handler
                0x08007a5a        0x6 stm32l4xx_it.o
                0x08007a5a                NMI_Handler
 .text.HardFault_Handler
                0x08007a60        0x6 stm32l4xx_it.o
                0x08007a60                HardFault_Handler
 .text.MemManage_Handler
                0x08007a66        0x6 stm32l4xx_it.o
                0x08007a66                MemManage_Handler
 .text.BusFault_Handler
                0x08007a6c        0x6 stm32l4xx_it.o
                0x08007a6c                BusFault_Handler
 .text.UsageFault_Handler
                0x08007a72        0x6 stm32l4xx_it.o
                0x08007a72                UsageFault_Handler
 .text.DebugMon_Handler
                0x08007a78        0xe stm32l4xx_it.o
                0x08007a78                DebugMon_Handler
 .text.DMA1_Channel1_IRQHandler
                0x08007a86        0xe stm32l4xx_it.o
                0x08007a86                DMA1_Channel1_IRQHandler
 .text.DMA1_Channel6_IRQHandler
                0x08007a94        0xe stm32l4xx_it.o
                0x08007a94                DMA1_Channel6_IRQHandler
 .text.DMA1_Channel7_IRQHandler
                0x08007aa2        0xe stm32l4xx_it.o
                0x08007aa2                DMA1_Channel7_IRQHandler
 .text.ADC1_2_IRQHandler
                0x08007ab0        0xe stm32l4xx_it.o
                0x08007ab0                ADC1_2_IRQHandler
 *fill*         0x08007abe        0x2 
 .text.TIM1_UP_TIM16_IRQHandler
                0x08007ac0       0x14 stm32l4xx_it.o
                0x08007ac0                TIM1_UP_TIM16_IRQHandler
 .text.OTG_FS_IRQHandler
                0x08007ad4       0x14 stm32l4xx_it.o
                0x08007ad4                OTG_FS_IRQHandler
 .text.HAL_MspInit
                0x08007ae8       0x48 stm32l4xx_hal_msp.o
                0x08007ae8                HAL_MspInit
 .text.HAL_InitTick
                0x08007b30       0xdc stm32l4xx_hal_timebase_tim.o
                0x08007b30                HAL_InitTick
 .text.LL_SetSystemCoreClock
                0x08007c0c       0x20 stm32l4xx_ll_utils.o
                0x08007c0c                LL_SetSystemCoreClock
 .text.LL_GPIO_SetPinMode
                0x08007c2c       0x7a stm32l4xx_ll_gpio.o
 .text.LL_GPIO_SetPinOutputType
                0x08007ca6       0x30 stm32l4xx_ll_gpio.o
 .text.LL_GPIO_SetPinSpeed
                0x08007cd6       0x7a stm32l4xx_ll_gpio.o
 .text.LL_GPIO_SetPinPull
                0x08007d50       0x7a stm32l4xx_ll_gpio.o
 .text.LL_GPIO_SetAFPin_0_7
                0x08007dca       0x7a stm32l4xx_ll_gpio.o
 .text.LL_GPIO_SetAFPin_8_15
                0x08007e44       0x7e stm32l4xx_ll_gpio.o
 .text.LL_GPIO_Init
                0x08007ec2       0xdc stm32l4xx_ll_gpio.o
                0x08007ec2                LL_GPIO_Init
 .text.HAL_PCD_Init
                0x08007f9e      0x248 stm32l4xx_hal_pcd.o
                0x08007f9e                HAL_PCD_Init
 .text.HAL_PCD_Start
                0x080081e6       0x5e stm32l4xx_hal_pcd.o
                0x080081e6                HAL_PCD_Start
 .text.HAL_PCD_IRQHandler
                0x08008244      0x926 stm32l4xx_hal_pcd.o
                0x08008244                HAL_PCD_IRQHandler
 .text.HAL_PCD_SetAddress
                0x08008b6a       0x4a stm32l4xx_hal_pcd.o
                0x08008b6a                HAL_PCD_SetAddress
 .text.HAL_PCD_EP_Open
                0x08008bb4       0xd0 stm32l4xx_hal_pcd.o
                0x08008bb4                HAL_PCD_EP_Open
 .text.HAL_PCD_EP_Close
                0x08008c84       0x94 stm32l4xx_hal_pcd.o
                0x08008c84                HAL_PCD_EP_Close
 .text.HAL_PCD_EP_Receive
                0x08008d18       0x7c stm32l4xx_hal_pcd.o
                0x08008d18                HAL_PCD_EP_Receive
 .text.HAL_PCD_EP_GetRxCount
                0x08008d94       0x30 stm32l4xx_hal_pcd.o
                0x08008d94                HAL_PCD_EP_GetRxCount
 .text.HAL_PCD_EP_Transmit
                0x08008dc4       0x7a stm32l4xx_hal_pcd.o
                0x08008dc4                HAL_PCD_EP_Transmit
 .text.HAL_PCD_EP_SetStall
                0x08008e3e       0xc4 stm32l4xx_hal_pcd.o
                0x08008e3e                HAL_PCD_EP_SetStall
 .text.HAL_PCD_EP_ClrStall
                0x08008f02       0xac stm32l4xx_hal_pcd.o
                0x08008f02                HAL_PCD_EP_ClrStall
 .text.HAL_PCD_EP_Abort
                0x08008fae       0x62 stm32l4xx_hal_pcd.o
                0x08008fae                HAL_PCD_EP_Abort
 .text.PCD_WriteEmptyTxFifo
                0x08009010      0x110 stm32l4xx_hal_pcd.o
 .text.PCD_EP_OutXfrComplete_int
                0x08009120       0x9c stm32l4xx_hal_pcd.o
 .text.PCD_EP_OutSetupPacket_int
                0x080091bc       0x68 stm32l4xx_hal_pcd.o
 .text.HAL_PCDEx_SetTxFiFo
                0x08009224       0x8e stm32l4xx_hal_pcd_ex.o
                0x08009224                HAL_PCDEx_SetTxFiFo
 .text.HAL_PCDEx_SetRxFiFo
                0x080092b2       0x22 stm32l4xx_hal_pcd_ex.o
                0x080092b2                HAL_PCDEx_SetRxFiFo
 .text.HAL_PCDEx_ActivateLPM
                0x080092d4       0x48 stm32l4xx_hal_pcd_ex.o
                0x080092d4                HAL_PCDEx_ActivateLPM
 .text.USB_CoreInit
                0x0800931c       0x58 stm32l4xx_ll_usb.o
                0x0800931c                USB_CoreInit
 .text.USB_SetTurnaroundTime
                0x08009374      0x138 stm32l4xx_ll_usb.o
                0x08009374                USB_SetTurnaroundTime
 .text.USB_EnableGlobalInt
                0x080094ac       0x22 stm32l4xx_ll_usb.o
                0x080094ac                USB_EnableGlobalInt
 .text.USB_DisableGlobalInt
                0x080094ce       0x22 stm32l4xx_ll_usb.o
                0x080094ce                USB_DisableGlobalInt
 .text.USB_SetCurrentMode
                0x080094f0       0x98 stm32l4xx_ll_usb.o
                0x080094f0                USB_SetCurrentMode
 .text.USB_DevInit
                0x08009588      0x298 stm32l4xx_ll_usb.o
                0x08009588                USB_DevInit
 .text.USB_FlushTxFifo
                0x08009820       0x68 stm32l4xx_ll_usb.o
                0x08009820                USB_FlushTxFifo
 .text.USB_FlushRxFifo
                0x08009888       0x60 stm32l4xx_ll_usb.o
                0x08009888                USB_FlushRxFifo
 .text.USB_SetDevSpeed
                0x080098e8       0x32 stm32l4xx_ll_usb.o
                0x080098e8                USB_SetDevSpeed
 .text.USB_GetDevSpeed
                0x0800991a       0x3e stm32l4xx_ll_usb.o
                0x0800991a                USB_GetDevSpeed
 .text.USB_ActivateEndpoint
                0x08009958      0x10e stm32l4xx_ll_usb.o
                0x08009958                USB_ActivateEndpoint
 *fill*         0x08009a66        0x2 
 .text.USB_DeactivateEndpoint
                0x08009a68      0x1b8 stm32l4xx_ll_usb.o
                0x08009a68                USB_DeactivateEndpoint
 .text.USB_EPStartXfer
                0x08009c20      0x3c0 stm32l4xx_ll_usb.o
                0x08009c20                USB_EPStartXfer
 .text.USB_EP0StartXfer
                0x08009fe0      0x244 stm32l4xx_ll_usb.o
                0x08009fe0                USB_EP0StartXfer
 .text.USB_EPStopXfer
                0x0800a224      0x154 stm32l4xx_ll_usb.o
                0x0800a224                USB_EPStopXfer
 .text.USB_WritePacket
                0x0800a378       0x74 stm32l4xx_ll_usb.o
                0x0800a378                USB_WritePacket
 .text.USB_ReadPacket
                0x0800a3ec       0xb0 stm32l4xx_ll_usb.o
                0x0800a3ec                USB_ReadPacket
 .text.USB_EPSetStall
                0x0800a49c       0xdc stm32l4xx_ll_usb.o
                0x0800a49c                USB_EPSetStall
 .text.USB_EPClearStall
                0x0800a578       0xcc stm32l4xx_ll_usb.o
                0x0800a578                USB_EPClearStall
 .text.USB_SetDevAddress
                0x0800a644       0x4c stm32l4xx_ll_usb.o
                0x0800a644                USB_SetDevAddress
 .text.USB_DevConnect
                0x0800a690       0x42 stm32l4xx_ll_usb.o
                0x0800a690                USB_DevConnect
 .text.USB_DevDisconnect
                0x0800a6d2       0x42 stm32l4xx_ll_usb.o
                0x0800a6d2                USB_DevDisconnect
 .text.USB_ReadInterrupts
                0x0800a714       0x26 stm32l4xx_ll_usb.o
                0x0800a714                USB_ReadInterrupts
 .text.USB_ReadDevAllOutEpInterrupt
                0x0800a73a       0x34 stm32l4xx_ll_usb.o
                0x0800a73a                USB_ReadDevAllOutEpInterrupt
 .text.USB_ReadDevAllInEpInterrupt
                0x0800a76e       0x34 stm32l4xx_ll_usb.o
                0x0800a76e                USB_ReadDevAllInEpInterrupt
 .text.USB_ReadDevOutEPInterrupt
                0x0800a7a2       0x3c stm32l4xx_ll_usb.o
                0x0800a7a2                USB_ReadDevOutEPInterrupt
 .text.USB_ReadDevInEPInterrupt
                0x0800a7de       0x5c stm32l4xx_ll_usb.o
                0x0800a7de                USB_ReadDevInEPInterrupt
 .text.USB_GetMode
                0x0800a83a       0x1c stm32l4xx_ll_usb.o
                0x0800a83a                USB_GetMode
 .text.USB_ActivateSetup
                0x0800a856       0x46 stm32l4xx_ll_usb.o
                0x0800a856                USB_ActivateSetup
 .text.USB_EP0_OutStart
                0x0800a89c       0x90 stm32l4xx_ll_usb.o
                0x0800a89c                USB_EP0_OutStart
 .text.USB_CoreReset
                0x0800a92c       0x68 stm32l4xx_ll_usb.o
 .text.HAL_Init
                0x0800a994       0x30 stm32l4xx_hal.o
                0x0800a994                HAL_Init
 .text.HAL_IncTick
                0x0800a9c4       0x28 stm32l4xx_hal.o
                0x0800a9c4                HAL_IncTick
 .text.HAL_GetTick
                0x0800a9ec       0x18 stm32l4xx_hal.o
                0x0800a9ec                HAL_GetTick
 .text.HAL_RCC_GetHCLKFreq
                0x0800aa04       0x18 stm32l4xx_hal_rcc.o
                0x0800aa04                HAL_RCC_GetHCLKFreq
 .text.HAL_RCC_GetPCLK2Freq
                0x0800aa1c       0x2c stm32l4xx_hal_rcc.o
                0x0800aa1c                HAL_RCC_GetPCLK2Freq
 .text.HAL_RCC_GetClockConfig
                0x0800aa48       0x64 stm32l4xx_hal_rcc.o
                0x0800aa48                HAL_RCC_GetClockConfig
 .text.HAL_GPIO_Init
                0x0800aaac      0x354 stm32l4xx_hal_gpio.o
                0x0800aaac                HAL_GPIO_Init
 .text.HAL_GPIO_ReadPin
                0x0800ae00       0x30 stm32l4xx_hal_gpio.o
                0x0800ae00                HAL_GPIO_ReadPin
 .text.HAL_I2C_Init
                0x0800ae30      0x11e stm32l4xx_hal_i2c.o
                0x0800ae30                HAL_I2C_Init
 *fill*         0x0800af4e        0x2 
 .text.HAL_I2C_Mem_Write
                0x0800af50      0x228 stm32l4xx_hal_i2c.o
                0x0800af50                HAL_I2C_Mem_Write
 .text.HAL_I2C_Mem_Read
                0x0800b178      0x234 stm32l4xx_hal_i2c.o
                0x0800b178                HAL_I2C_Mem_Read
 .text.I2C_RequestMemoryWrite
                0x0800b3ac       0xa8 stm32l4xx_hal_i2c.o
 .text.I2C_RequestMemoryRead
                0x0800b454       0xa8 stm32l4xx_hal_i2c.o
 .text.I2C_Flush_TXDR
                0x0800b4fc       0x48 stm32l4xx_hal_i2c.o
 .text.I2C_WaitOnFlagUntilTimeout
                0x0800b544       0x80 stm32l4xx_hal_i2c.o
 .text.I2C_WaitOnTXISFlagUntilTimeout
                0x0800b5c4       0x80 stm32l4xx_hal_i2c.o
 .text.I2C_WaitOnSTOPFlagUntilTimeout
                0x0800b644       0x78 stm32l4xx_hal_i2c.o
 .text.I2C_IsErrorOccurred
                0x0800b6bc      0x1d8 stm32l4xx_hal_i2c.o
 .text.I2C_TransferConfig
                0x0800b894       0x64 stm32l4xx_hal_i2c.o
 .text.HAL_I2CEx_ConfigAnalogFilter
                0x0800b8f8       0x96 stm32l4xx_hal_i2c_ex.o
                0x0800b8f8                HAL_I2CEx_ConfigAnalogFilter
 .text.HAL_I2CEx_ConfigDigitalFilter
                0x0800b98e       0x98 stm32l4xx_hal_i2c_ex.o
                0x0800b98e                HAL_I2CEx_ConfigDigitalFilter
 *fill*         0x0800ba26        0x2 
 .text.HAL_PWREx_EnableVddUSB
                0x0800ba28       0x20 stm32l4xx_hal_pwr_ex.o
                0x0800ba28                HAL_PWREx_EnableVddUSB
 .text.__NVIC_SetPriorityGrouping
                0x0800ba48       0x48 stm32l4xx_hal_cortex.o
 .text.__NVIC_GetPriorityGrouping
                0x0800ba90       0x1c stm32l4xx_hal_cortex.o
 .text.__NVIC_EnableIRQ
                0x0800baac       0x3c stm32l4xx_hal_cortex.o
 .text.__NVIC_DisableIRQ
                0x0800bae8       0x48 stm32l4xx_hal_cortex.o
 .text.__NVIC_SetPriority
                0x0800bb30       0x54 stm32l4xx_hal_cortex.o
 .text.NVIC_EncodePriority
                0x0800bb84       0x66 stm32l4xx_hal_cortex.o
 .text.HAL_NVIC_SetPriorityGrouping
                0x0800bbea       0x16 stm32l4xx_hal_cortex.o
                0x0800bbea                HAL_NVIC_SetPriorityGrouping
 .text.HAL_NVIC_SetPriority
                0x0800bc00       0x38 stm32l4xx_hal_cortex.o
                0x0800bc00                HAL_NVIC_SetPriority
 .text.HAL_NVIC_EnableIRQ
                0x0800bc38       0x1c stm32l4xx_hal_cortex.o
                0x0800bc38                HAL_NVIC_EnableIRQ
 .text.HAL_NVIC_DisableIRQ
                0x0800bc54       0x1c stm32l4xx_hal_cortex.o
                0x0800bc54                HAL_NVIC_DisableIRQ
 .text.LL_ADC_REG_SetSequencerLength
                0x0800bc70       0x26 stm32l4xx_ll_adc.o
 .text.LL_ADC_IsEnabled
                0x0800bc96       0x26 stm32l4xx_ll_adc.o
 .text.LL_ADC_CommonInit
                0x0800bcbc       0x90 stm32l4xx_ll_adc.o
                0x0800bcbc                LL_ADC_CommonInit
 .text.LL_ADC_Init
                0x0800bd4c       0x4c stm32l4xx_ll_adc.o
                0x0800bd4c                LL_ADC_Init
 .text.LL_ADC_REG_Init
                0x0800bd98       0x94 stm32l4xx_ll_adc.o
                0x0800bd98                LL_ADC_REG_Init
 .text.HAL_TIM_Base_Init
                0x0800be2c       0xae stm32l4xx_hal_tim.o
                0x0800be2c                HAL_TIM_Base_Init
 *fill*         0x0800beda        0x2 
 .text.HAL_TIM_Base_Start_IT
                0x0800bedc       0xe0 stm32l4xx_hal_tim.o
                0x0800bedc                HAL_TIM_Base_Start_IT
 .text.HAL_TIM_IRQHandler
                0x0800bfbc      0x23e stm32l4xx_hal_tim.o
                0x0800bfbc                HAL_TIM_IRQHandler
 .text.HAL_TIM_ConfigClockSource
                0x0800c1fa      0x192 stm32l4xx_hal_tim.o
                0x0800c1fa                HAL_TIM_ConfigClockSource
 .text.HAL_TIM_OC_DelayElapsedCallback
                0x0800c38c       0x14 stm32l4xx_hal_tim.o
                0x0800c38c                HAL_TIM_OC_DelayElapsedCallback
 .text.HAL_TIM_IC_CaptureCallback
                0x0800c3a0       0x14 stm32l4xx_hal_tim.o
                0x0800c3a0                HAL_TIM_IC_CaptureCallback
 .text.HAL_TIM_PWM_PulseFinishedCallback
                0x0800c3b4       0x14 stm32l4xx_hal_tim.o
                0x0800c3b4                HAL_TIM_PWM_PulseFinishedCallback
 .text.HAL_TIM_TriggerCallback
                0x0800c3c8       0x14 stm32l4xx_hal_tim.o
                0x0800c3c8                HAL_TIM_TriggerCallback
 .text.TIM_Base_SetConfig
                0x0800c3dc      0x134 stm32l4xx_hal_tim.o
                0x0800c3dc                TIM_Base_SetConfig
 .text.TIM_TI1_ConfigInputStage
                0x0800c510       0x5e stm32l4xx_hal_tim.o
 .text.TIM_TI2_ConfigInputStage
                0x0800c56e       0x60 stm32l4xx_hal_tim.o
 .text.TIM_ITRx_SetConfig
                0x0800c5ce       0x36 stm32l4xx_hal_tim.o
 .text.TIM_ETR_SetConfig
                0x0800c604       0x40 stm32l4xx_hal_tim.o
                0x0800c604                TIM_ETR_SetConfig
 .text.HAL_TIMEx_MasterConfigSynchronization
                0x0800c644      0x110 stm32l4xx_hal_tim_ex.o
                0x0800c644                HAL_TIMEx_MasterConfigSynchronization
 .text.HAL_TIMEx_CommutCallback
                0x0800c754       0x14 stm32l4xx_hal_tim_ex.o
                0x0800c754                HAL_TIMEx_CommutCallback
 .text.HAL_TIMEx_BreakCallback
                0x0800c768       0x14 stm32l4xx_hal_tim_ex.o
                0x0800c768                HAL_TIMEx_BreakCallback
 .text.HAL_TIMEx_Break2Callback
                0x0800c77c       0x14 stm32l4xx_hal_tim_ex.o
                0x0800c77c                HAL_TIMEx_Break2Callback
 .text.LL_TIM_SetPrescaler
                0x0800c790       0x1c stm32l4xx_ll_tim.o
 .text.LL_TIM_SetAutoReload
                0x0800c7ac       0x1c stm32l4xx_ll_tim.o
 .text.LL_TIM_SetRepetitionCounter
                0x0800c7c8       0x1c stm32l4xx_ll_tim.o
 .text.LL_TIM_OC_SetCompareCH1
                0x0800c7e4       0x1c stm32l4xx_ll_tim.o
 .text.LL_TIM_OC_SetCompareCH2
                0x0800c800       0x1c stm32l4xx_ll_tim.o
 .text.LL_TIM_OC_SetCompareCH3
                0x0800c81c       0x1c stm32l4xx_ll_tim.o
 .text.LL_TIM_OC_SetCompareCH4
                0x0800c838       0x1c stm32l4xx_ll_tim.o
 .text.LL_TIM_OC_SetCompareCH5
                0x0800c854       0x20 stm32l4xx_ll_tim.o
 .text.LL_TIM_OC_SetCompareCH6
                0x0800c874       0x1c stm32l4xx_ll_tim.o
 .text.LL_TIM_GenerateEvent_UPDATE
                0x0800c890       0x20 stm32l4xx_ll_tim.o
 .text.LL_TIM_Init
                0x0800c8b0      0x128 stm32l4xx_ll_tim.o
                0x0800c8b0                LL_TIM_Init
 .text.LL_TIM_OC_Init
                0x0800c9d8       0xbe stm32l4xx_ll_tim.o
                0x0800c9d8                LL_TIM_OC_Init
 *fill*         0x0800ca96        0x2 
 .text.OC1Config
                0x0800ca98      0x100 stm32l4xx_ll_tim.o
 .text.OC2Config
                0x0800cb98      0x108 stm32l4xx_ll_tim.o
 .text.OC3Config
                0x0800cca0      0x108 stm32l4xx_ll_tim.o
 .text.OC4Config
                0x0800cda8       0xd8 stm32l4xx_ll_tim.o
 .text.OC5Config
                0x0800ce80       0xc8 stm32l4xx_ll_tim.o
 .text.OC6Config
                0x0800cf48       0xc8 stm32l4xx_ll_tim.o
 .text.LL_USART_IsEnabled
                0x0800d010       0x26 stm32l4xx_ll_usart.o
 .text.LL_USART_SetStopBitsLength
                0x0800d036       0x26 stm32l4xx_ll_usart.o
 .text.LL_USART_SetHWFlowCtrl
                0x0800d05c       0x26 stm32l4xx_ll_usart.o
 .text.LL_USART_SetBaudRate
                0x0800d082       0x6e stm32l4xx_ll_usart.o
 .text.LL_USART_Init
                0x0800d0f0       0xf8 stm32l4xx_ll_usart.o
                0x0800d0f0                LL_USART_Init
 .text.LL_RCC_HSI_IsReady
                0x0800d1e8       0x28 stm32l4xx_ll_rcc.o
 .text.LL_RCC_LSE_IsReady
                0x0800d210       0x28 stm32l4xx_ll_rcc.o
 .text.LL_RCC_MSI_IsEnabledRangeSelect
                0x0800d238       0x24 stm32l4xx_ll_rcc.o
 .text.LL_RCC_MSI_GetRange
                0x0800d25c       0x1c stm32l4xx_ll_rcc.o
 .text.LL_RCC_MSI_GetRangeAfterStandby
                0x0800d278       0x1c stm32l4xx_ll_rcc.o
 .text.LL_RCC_GetSysClkSource
                0x0800d294       0x1c stm32l4xx_ll_rcc.o
 .text.LL_RCC_GetAHBPrescaler
                0x0800d2b0       0x1c stm32l4xx_ll_rcc.o
 .text.LL_RCC_GetAPB1Prescaler
                0x0800d2cc       0x1c stm32l4xx_ll_rcc.o
 .text.LL_RCC_GetAPB2Prescaler
                0x0800d2e8       0x1c stm32l4xx_ll_rcc.o
 .text.LL_RCC_GetUSARTClockSource
                0x0800d304       0x28 stm32l4xx_ll_rcc.o
 .text.LL_RCC_GetUARTClockSource
                0x0800d32c       0x28 stm32l4xx_ll_rcc.o
 .text.LL_RCC_PLL_GetMainSource
                0x0800d354       0x1c stm32l4xx_ll_rcc.o
 .text.LL_RCC_PLL_GetN
                0x0800d370       0x1c stm32l4xx_ll_rcc.o
 .text.LL_RCC_PLL_GetR
                0x0800d38c       0x1c stm32l4xx_ll_rcc.o
 .text.LL_RCC_PLL_GetDivider
                0x0800d3a8       0x1c stm32l4xx_ll_rcc.o
 .text.LL_RCC_GetUSARTClockFreq
                0x0800d3c4      0x1c8 stm32l4xx_ll_rcc.o
                0x0800d3c4                LL_RCC_GetUSARTClockFreq
 .text.LL_RCC_GetUARTClockFreq
                0x0800d58c      0x130 stm32l4xx_ll_rcc.o
                0x0800d58c                LL_RCC_GetUARTClockFreq
 .text.RCC_GetSystemClockFreq
                0x0800d6bc      0x120 stm32l4xx_ll_rcc.o
 .text.RCC_GetHCLKClockFreq
                0x0800d7dc       0x2c stm32l4xx_ll_rcc.o
 .text.RCC_GetPCLK1ClockFreq
                0x0800d808       0x28 stm32l4xx_ll_rcc.o
 .text.RCC_GetPCLK2ClockFreq
                0x0800d830       0x28 stm32l4xx_ll_rcc.o
 .text.RCC_PLL_GetFreqDomain_SYS
                0x0800d858      0x118 stm32l4xx_ll_rcc.o
 .text.USBD_Init
                0x0800d970       0x60 usbd_core.o
                0x0800d970                USBD_Init
 .text.USBD_RegisterClass
                0x0800d9d0       0x4e usbd_core.o
                0x0800d9d0                USBD_RegisterClass
 .text.USBD_Start
                0x0800da1e       0x18 usbd_core.o
                0x0800da1e                USBD_Start
 .text.USBD_RunTestMode
                0x0800da36       0x16 usbd_core.o
                0x0800da36                USBD_RunTestMode
 .text.USBD_SetClassConfig
                0x0800da4c       0x38 usbd_core.o
                0x0800da4c                USBD_SetClassConfig
 .text.USBD_ClrClassConfig
                0x0800da84       0x30 usbd_core.o
                0x0800da84                USBD_ClrClassConfig
 .text.USBD_LL_SetupStage
                0x0800dab4       0xaa usbd_core.o
                0x0800dab4                USBD_LL_SetupStage
 .text.USBD_LL_DataOutStage
                0x0800db5e       0xc6 usbd_core.o
                0x0800db5e                USBD_LL_DataOutStage
 .text.USBD_LL_DataInStage
                0x0800dc24      0x12c usbd_core.o
                0x0800dc24                USBD_LL_DataInStage
 .text.USBD_LL_Reset
                0x0800dd50       0x9c usbd_core.o
                0x0800dd50                USBD_LL_Reset
 .text.USBD_LL_SetSpeed
                0x0800ddec       0x20 usbd_core.o
                0x0800ddec                USBD_LL_SetSpeed
 .text.USBD_LL_Suspend
                0x0800de0c       0x2c usbd_core.o
                0x0800de0c                USBD_LL_Suspend
 .text.USBD_LL_Resume
                0x0800de38       0x30 usbd_core.o
                0x0800de38                USBD_LL_Resume
 .text.USBD_LL_SOF
                0x0800de68       0x44 usbd_core.o
                0x0800de68                USBD_LL_SOF
 .text.USBD_LL_IsoINIncomplete
                0x0800deac       0x4c usbd_core.o
                0x0800deac                USBD_LL_IsoINIncomplete
 .text.USBD_LL_IsoOUTIncomplete
                0x0800def8       0x4c usbd_core.o
                0x0800def8                USBD_LL_IsoOUTIncomplete
 .text.USBD_LL_DevConnected
                0x0800df44       0x16 usbd_core.o
                0x0800df44                USBD_LL_DevConnected
 .text.USBD_LL_DevDisconnected
                0x0800df5a       0x38 usbd_core.o
                0x0800df5a                USBD_LL_DevDisconnected
 .text.SWAPBYTE
                0x0800df92       0x3c usbd_ctlreq.o
 *fill*         0x0800dfce        0x2 
 .text.USBD_StdDevReq
                0x0800dfd0       0xdc usbd_ctlreq.o
                0x0800dfd0                USBD_StdDevReq
 .text.USBD_StdItfReq
                0x0800e0ac       0x92 usbd_ctlreq.o
                0x0800e0ac                USBD_StdItfReq
 .text.USBD_StdEPReq
                0x0800e13e      0x2c4 usbd_ctlreq.o
                0x0800e13e                USBD_StdEPReq
 *fill*         0x0800e402        0x2 
 .text.USBD_GetDescriptor
                0x0800e404      0x328 usbd_ctlreq.o
 .text.USBD_SetAddress
                0x0800e72c       0x88 usbd_ctlreq.o
 .text.USBD_SetConfig
                0x0800e7b4      0x14c usbd_ctlreq.o
 .text.USBD_GetConfig
                0x0800e900       0x6c usbd_ctlreq.o
 .text.USBD_GetStatus
                0x0800e96c       0x68 usbd_ctlreq.o
 .text.USBD_SetFeature
                0x0800e9d4       0x28 usbd_ctlreq.o
 .text.USBD_ClrFeature
                0x0800e9fc       0x44 usbd_ctlreq.o
 .text.USBD_ParseSetupRequest
                0x0800ea40       0x74 usbd_ctlreq.o
                0x0800ea40                USBD_ParseSetupRequest
 .text.USBD_CtlError
                0x0800eab4       0x22 usbd_ctlreq.o
                0x0800eab4                USBD_CtlError
 .text.USBD_GetString
                0x0800ead6       0x8c usbd_ctlreq.o
                0x0800ead6                USBD_GetString
 .text.USBD_GetLen
                0x0800eb62       0x34 usbd_ctlreq.o
 .text.USBD_CtlSendData
                0x0800eb96       0x36 usbd_ioreq.o
                0x0800eb96                USBD_CtlSendData
 .text.USBD_CtlContinueSendData
                0x0800ebcc       0x22 usbd_ioreq.o
                0x0800ebcc                USBD_CtlContinueSendData
 .text.USBD_CtlPrepareRx
                0x0800ebee       0x3a usbd_ioreq.o
                0x0800ebee                USBD_CtlPrepareRx
 .text.USBD_CtlContinueRx
                0x0800ec28       0x22 usbd_ioreq.o
                0x0800ec28                USBD_CtlContinueRx
 .text.USBD_CtlSendStatus
                0x0800ec4a       0x26 usbd_ioreq.o
                0x0800ec4a                USBD_CtlSendStatus
 .text.USBD_CtlReceiveStatus
                0x0800ec70       0x26 usbd_ioreq.o
                0x0800ec70                USBD_CtlReceiveStatus
 .text.USBD_CDC_Init
                0x0800ec96       0xfe usbd_cdc.o
 .text.USBD_CDC_DeInit
                0x0800ed94       0x74 usbd_cdc.o
 .text.USBD_CDC_Setup
                0x0800ee08      0x190 usbd_cdc.o
 .text.USBD_CDC_DataIn
                0x0800ef98       0xca usbd_cdc.o
 .text.USBD_CDC_DataOut
                0x0800f062       0x56 usbd_cdc.o
 .text.USBD_CDC_EP0_RxReady
                0x0800f0b8       0x5a usbd_cdc.o
 *fill*         0x0800f112        0x2 
 .text.USBD_CDC_GetFSCfgDesc
                0x0800f114       0x20 usbd_cdc.o
 .text.USBD_CDC_GetHSCfgDesc
                0x0800f134       0x20 usbd_cdc.o
 .text.USBD_CDC_GetOtherSpeedCfgDesc
                0x0800f154       0x20 usbd_cdc.o
 .text.USBD_CDC_GetDeviceQualifierDescriptor
                0x0800f174       0x20 usbd_cdc.o
                0x0800f174                USBD_CDC_GetDeviceQualifierDescriptor
 .text.USBD_CDC_RegisterInterface
                0x0800f194       0x2a usbd_cdc.o
                0x0800f194                USBD_CDC_RegisterInterface
 .text.USBD_CDC_SetTxBuffer
                0x0800f1be       0x3c usbd_cdc.o
                0x0800f1be                USBD_CDC_SetTxBuffer
 .text.USBD_CDC_SetRxBuffer
                0x0800f1fa       0x32 usbd_cdc.o
                0x0800f1fa                USBD_CDC_SetRxBuffer
 .text.USBD_CDC_TransmitPacket
                0x0800f22c       0x60 usbd_cdc.o
                0x0800f22c                USBD_CDC_TransmitPacket
 .text.USBD_CDC_ReceivePacket
                0x0800f28c       0x54 usbd_cdc.o
                0x0800f28c                USBD_CDC_ReceivePacket
 .text.SystemInit
                0x0800f2e0       0x24 system_stm32l4xx.o
                0x0800f2e0                SystemInit
 .text.Reset_Handler
                0x0800f304       0x50 startup_stm32l476vetx.o
                0x0800f304                Reset_Handler
 .text.Default_Handler
                0x0800f354        0x2 startup_stm32l476vetx.o
                0x0800f354                RTC_Alarm_IRQHandler
                0x0800f354                EXTI2_IRQHandler
                0x0800f354                TIM8_TRG_COM_IRQHandler
                0x0800f354                TIM8_CC_IRQHandler
                0x0800f354                TIM1_CC_IRQHandler
                0x0800f354                TSC_IRQHandler
                0x0800f354                TAMP_STAMP_IRQHandler
                0x0800f354                EXTI3_IRQHandler
                0x0800f354                LPTIM2_IRQHandler
                0x0800f354                DFSDM1_FLT1_IRQHandler
                0x0800f354                I2C3_ER_IRQHandler
                0x0800f354                DFSDM1_FLT2_IRQHandler
                0x0800f354                EXTI0_IRQHandler
                0x0800f354                I2C2_EV_IRQHandler
                0x0800f354                CAN1_RX0_IRQHandler
                0x0800f354                FPU_IRQHandler
                0x0800f354                SPI1_IRQHandler
                0x0800f354                TIM6_DAC_IRQHandler
                0x0800f354                TIM8_UP_IRQHandler
                0x0800f354                DMA2_Channel2_IRQHandler
                0x0800f354                DMA1_Channel4_IRQHandler
                0x0800f354                SAI2_IRQHandler
                0x0800f354                DFSDM1_FLT3_IRQHandler
                0x0800f354                USART3_IRQHandler
                0x0800f354                CAN1_RX1_IRQHandler
                0x0800f354                LCD_IRQHandler
                0x0800f354                UART5_IRQHandler
                0x0800f354                ADC3_IRQHandler
                0x0800f354                TIM4_IRQHandler
                0x0800f354                DMA2_Channel1_IRQHandler
                0x0800f354                QUADSPI_IRQHandler
                0x0800f354                I2C1_EV_IRQHandler
                0x0800f354                UART4_IRQHandler
                0x0800f354                DMA2_Channel4_IRQHandler
                0x0800f354                TIM3_IRQHandler
                0x0800f354                RCC_IRQHandler
                0x0800f354                Default_Handler
                0x0800f354                DMA2_Channel7_IRQHandler
                0x0800f354                EXTI15_10_IRQHandler
                0x0800f354                TIM7_IRQHandler
                0x0800f354                SDMMC1_IRQHandler
                0x0800f354                TIM5_IRQHandler
                0x0800f354                I2C3_EV_IRQHandler
                0x0800f354                EXTI9_5_IRQHandler
                0x0800f354                RTC_WKUP_IRQHandler
                0x0800f354                PVD_PVM_IRQHandler
                0x0800f354                SPI2_IRQHandler
                0x0800f354                CAN1_TX_IRQHandler
                0x0800f354                DMA2_Channel5_IRQHandler
                0x0800f354                DMA1_Channel5_IRQHandler
                0x0800f354                EXTI4_IRQHandler
                0x0800f354                RNG_IRQHandler
                0x0800f354                TIM1_TRG_COM_TIM17_IRQHandler
                0x0800f354                DMA1_Channel3_IRQHandler
                0x0800f354                COMP_IRQHandler
                0x0800f354                WWDG_IRQHandler
                0x0800f354                LPUART1_IRQHandler
                0x0800f354                DMA2_Channel6_IRQHandler
                0x0800f354                TIM2_IRQHandler
                0x0800f354                EXTI1_IRQHandler
                0x0800f354                USART2_IRQHandler
                0x0800f354                DFSDM1_FLT0_IRQHandler
                0x0800f354                I2C2_ER_IRQHandler
                0x0800f354                TIM8_BRK_IRQHandler
                0x0800f354                CAN1_SCE_IRQHandler
                0x0800f354                FLASH_IRQHandler
                0x0800f354                USART1_IRQHandler
                0x0800f354                SPI3_IRQHandler
                0x0800f354                I2C1_ER_IRQHandler
                0x0800f354                FMC_IRQHandler
                0x0800f354                SWPMI1_IRQHandler
                0x0800f354                LPTIM1_IRQHandler
                0x0800f354                SAI1_IRQHandler
                0x0800f354                DMA2_Channel3_IRQHandler
                0x0800f354                TIM1_BRK_TIM15_IRQHandler
 .text.xilUploadProfilingData
                0x0800f356       0x16 code_profiling_utility_functions.o
                0x0800f356                xilUploadProfilingData
 .text.xilProfilingTimerFreezeInternal
                0x0800f36c        0xe code_profiling_utility_functions.o
                0x0800f36c                xilProfilingTimerFreezeInternal
 .text.xilProfilingTimerUnFreezeInternal
                0x0800f37a        0xe code_profiling_utility_functions.o
                0x0800f37a                xilProfilingTimerUnFreezeInternal
 .text.taskTimeStart
                0x0800f388       0x1a code_profiling_utility_functions.o
                0x0800f388                taskTimeStart
 .text.taskTimeEnd
                0x0800f3a2       0x20 code_profiling_utility_functions.o
                0x0800f3a2                taskTimeEnd
 .text.taskTimeStart_MicroMouseTemplate
                0x0800f3c2       0x16 code_profiling_utility_functions.o
                0x0800f3c2                taskTimeStart_MicroMouseTemplate
 .text.taskTimeEnd_MicroMouseTemplate
                0x0800f3d8       0x16 code_profiling_utility_functions.o
                0x0800f3d8                taskTimeEnd_MicroMouseTemplate
 *fill*         0x0800f3ee        0x2 
 .text.floor    0x0800f3f0      0x108 c:/programdata/matlab/supportpackages/r2023a/3p.instrset/gnuarm-armcortex.instrset/win/bin/../lib/gcc/arm-none-eabi/9.3.1/../../../../arm-none-eabi/lib/thumb/v7e-m+fp/hard\libm.a(lib_a-s_floor.o)
                0x0800f3f0                floor
 .text.fmod     0x0800f4f8       0x88 c:/programdata/matlab/supportpackages/r2023a/3p.instrset/gnuarm-armcortex.instrset/win/bin/../lib/gcc/arm-none-eabi/9.3.1/../../../../arm-none-eabi/lib/thumb/v7e-m+fp/hard\libm.a(lib_a-w_fmod.o)
                0x0800f4f8                fmod
 .text.__ieee754_fmod
                0x0800f580      0x280 c:/programdata/matlab/supportpackages/r2023a/3p.instrset/gnuarm-armcortex.instrset/win/bin/../lib/gcc/arm-none-eabi/9.3.1/../../../../arm-none-eabi/lib/thumb/v7e-m+fp/hard\libm.a(lib_a-e_fmod.o)
                0x0800f580                __ieee754_fmod
 .text.__errno  0x0800f800        0xc c:/programdata/matlab/supportpackages/r2023a/3p.instrset/gnuarm-armcortex.instrset/win/bin/../lib/gcc/arm-none-eabi/9.3.1/../../../../arm-none-eabi/lib/thumb/v7e-m+fp/hard\libc_nano.a(lib_a-errno.o)
                0x0800f800                __errno
 .text.__libc_init_array
                0x0800f80c       0x48 c:/programdata/matlab/supportpackages/r2023a/3p.instrset/gnuarm-armcortex.instrset/win/bin/../lib/gcc/arm-none-eabi/9.3.1/../../../../arm-none-eabi/lib/thumb/v7e-m+fp/hard\libc_nano.a(lib_a-init.o)
                0x0800f80c                __libc_init_array
 .text.memcpy   0x0800f854       0x1c c:/programdata/matlab/supportpackages/r2023a/3p.instrset/gnuarm-armcortex.instrset/win/bin/../lib/gcc/arm-none-eabi/9.3.1/../../../../arm-none-eabi/lib/thumb/v7e-m+fp/hard\libc_nano.a(lib_a-memcpy-stub.o)
                0x0800f854                memcpy
 .text.memset   0x0800f870       0x10 c:/programdata/matlab/supportpackages/r2023a/3p.instrset/gnuarm-armcortex.instrset/win/bin/../lib/gcc/arm-none-eabi/9.3.1/../../../../arm-none-eabi/lib/thumb/v7e-m+fp/hard\libc_nano.a(lib_a-memset.o)
                0x0800f870                memset
 *(.glue_7)
 .glue_7        0x0800f880        0x0 linker stubs
 *(.glue_7t)
 .glue_7t       0x0800f880        0x0 linker stubs
 *(.eh_frame)
 .eh_frame      0x0800f880        0x0 c:/programdata/matlab/supportpackages/r2023a/3p.instrset/gnuarm-armcortex.instrset/win/bin/../lib/gcc/arm-none-eabi/9.3.1/thumb/v7e-m+fp/hard/crtbegin.o
 *(.init)
 .init          0x0800f880        0x4 c:/programdata/matlab/supportpackages/r2023a/3p.instrset/gnuarm-armcortex.instrset/win/bin/../lib/gcc/arm-none-eabi/9.3.1/thumb/v7e-m+fp/hard/crti.o
                0x0800f880                _init
 .init          0x0800f884        0x8 c:/programdata/matlab/supportpackages/r2023a/3p.instrset/gnuarm-armcortex.instrset/win/bin/../lib/gcc/arm-none-eabi/9.3.1/thumb/v7e-m+fp/hard/crtn.o
 *(.fini)
 .fini          0x0800f88c        0x4 c:/programdata/matlab/supportpackages/r2023a/3p.instrset/gnuarm-armcortex.instrset/win/bin/../lib/gcc/arm-none-eabi/9.3.1/thumb/v7e-m+fp/hard/crti.o
                0x0800f88c                _fini
 .fini          0x0800f890        0x8 c:/programdata/matlab/supportpackages/r2023a/3p.instrset/gnuarm-armcortex.instrset/win/bin/../lib/gcc/arm-none-eabi/9.3.1/thumb/v7e-m+fp/hard/crtn.o
                0x0800f898                . = ALIGN (0x4)
                0x0800f898                _etext = .

.vfp11_veneer   0x0800f898        0x0
 .vfp11_veneer  0x0800f898        0x0 linker stubs

.v4_bx          0x0800f898        0x0
 .v4_bx         0x0800f898        0x0 linker stubs

.iplt           0x0800f898        0x0
 .iplt          0x0800f898        0x0 c:/programdata/matlab/supportpackages/r2023a/3p.instrset/gnuarm-armcortex.instrset/win/bin/../lib/gcc/arm-none-eabi/9.3.1/thumb/v7e-m+fp/hard/crtbegin.o

.rodata         0x0800f898       0xe0
                0x0800f898                . = ALIGN (0x4)
 *(.rodata)
 .rodata        0x0800f898        0x9 CustomWhile.o
 *fill*         0x0800f8a1        0x3 
 .rodata        0x0800f8a4       0x46 usbd_desc.o
 *(.rodata*)
 *fill*         0x0800f8ea        0x2 
 .rodata.CHANNEL_OFFSET_TAB
                0x0800f8ec        0x7 stm_adc_ll.o
 *fill*         0x0800f8f3        0x1 
 .rodata.MicroMouseTemplate_M
                0x0800f8f4        0x4 MicroMouseTemplate.o
                0x0800f8f4                MicroMouseTemplate_M
 .rodata.CHANNEL_OFFSET_TAB
                0x0800f8f8        0x7 adc.o
 *fill*         0x0800f8ff        0x1 
 .rodata.OFFSET_TAB_CCMRx
                0x0800f900        0x9 tim.o
 *fill*         0x0800f909        0x3 
 .rodata.SHIFT_TAB_OCxx
                0x0800f90c        0x9 tim.o
 *fill*         0x0800f915        0x3 
 .rodata.CHANNEL_OFFSET_TAB
                0x0800f918        0x7 usart.o
 *fill*         0x0800f91f        0x1 
 .rodata.AHBPrescTable
                0x0800f920       0x10 system_stm32l4xx.o
                0x0800f920                AHBPrescTable
 .rodata.APBPrescTable
                0x0800f930        0x8 system_stm32l4xx.o
                0x0800f930                APBPrescTable
 .rodata.MSIRangeTable
                0x0800f938       0x30 system_stm32l4xx.o
                0x0800f938                MSIRangeTable
 .rodata.Zero   0x0800f968       0x10 c:/programdata/matlab/supportpackages/r2023a/3p.instrset/gnuarm-armcortex.instrset/win/bin/../lib/gcc/arm-none-eabi/9.3.1/../../../../arm-none-eabi/lib/thumb/v7e-m+fp/hard\libm.a(lib_a-e_fmod.o)
                0x0800f978                . = ALIGN (0x4)

.rel.dyn        0x0800f978        0x0
 .rel.iplt      0x0800f978        0x0 c:/programdata/matlab/supportpackages/r2023a/3p.instrset/gnuarm-armcortex.instrset/win/bin/../lib/gcc/arm-none-eabi/9.3.1/thumb/v7e-m+fp/hard/crtbegin.o

.ARM.extab      0x0800f978        0x0
                0x0800f978                . = ALIGN (0x4)
 *(.ARM.extab* .gnu.linkonce.armextab.*)
                0x0800f978                . = ALIGN (0x4)

.ARM            0x0800f978        0x0
                0x0800f978                . = ALIGN (0x4)
                0x0800f978                __exidx_start = .
 *(.ARM.exidx*)
                0x0800f978                __exidx_end = .
                0x0800f978                . = ALIGN (0x4)

.preinit_array  0x0800f978        0x0
                0x0800f978                . = ALIGN (0x4)
                0x0800f978                PROVIDE (__preinit_array_start = .)
 *(.preinit_array*)
                0x0800f978                PROVIDE (__preinit_array_end = .)
                0x0800f978                . = ALIGN (0x4)

.init_array     0x0800f978        0x4
                0x0800f978                . = ALIGN (0x4)
                0x0800f978                PROVIDE (__init_array_start = .)
 *(SORT_BY_NAME(.init_array.*))
 *(.init_array*)
 .init_array    0x0800f978        0x4 c:/programdata/matlab/supportpackages/r2023a/3p.instrset/gnuarm-armcortex.instrset/win/bin/../lib/gcc/arm-none-eabi/9.3.1/thumb/v7e-m+fp/hard/crtbegin.o
                0x0800f97c                PROVIDE (__init_array_end = .)
                0x0800f97c                . = ALIGN (0x4)

.fini_array     0x0800f97c        0x4
                0x0800f97c                . = ALIGN (0x4)
                [!provide]                PROVIDE (__fini_array_start = .)
 *(SORT_BY_NAME(.fini_array.*))
 *(.fini_array*)
 .fini_array    0x0800f97c        0x4 c:/programdata/matlab/supportpackages/r2023a/3p.instrset/gnuarm-armcortex.instrset/win/bin/../lib/gcc/arm-none-eabi/9.3.1/thumb/v7e-m+fp/hard/crtbegin.o
                [!provide]                PROVIDE (__fini_array_end = .)
                0x0800f980                . = ALIGN (0x4)
                0x0800f980                _sidata = LOADADDR (.data)

.data           0x20000000      0x288 load address 0x0800f980
                0x20000000                . = ALIGN (0x4)
                0x20000000                _sdata = .
 *(.data)
 *(.data*)
 .data.MicroMouseTemplate_P
                0x20000000       0x90 MicroMouseTemplate_data.o
                0x20000000                MicroMouseTemplate_P
 .data.FS_Desc  0x20000090       0x20 usbd_desc.o
                0x20000090                FS_Desc
 .data.USBD_FS_DeviceDesc
                0x200000b0       0x12 usbd_desc.o
                0x200000b0                USBD_FS_DeviceDesc
 *fill*         0x200000c2        0x2 
 .data.USBD_FS_BOSDesc
                0x200000c4        0xc usbd_desc.o
                0x200000c4                USBD_FS_BOSDesc
 .data.USBD_LangIDDesc
                0x200000d0        0x4 usbd_desc.o
                0x200000d0                USBD_LangIDDesc
 .data.USBD_StringSerial
                0x200000d4       0x1a usbd_desc.o
                0x200000d4                USBD_StringSerial
 *fill*         0x200000ee        0x2 
 .data.USBD_Interface_fops_FS
                0x200000f0       0x14 usbd_cdc_if.o
                0x200000f0                USBD_Interface_fops_FS
 .data.uwTickPrio
                0x20000104        0x4 stm32l4xx_hal.o
                0x20000104                uwTickPrio
 .data.uwTickFreq
                0x20000108        0x1 stm32l4xx_hal.o
                0x20000108                uwTickFreq
 *fill*         0x20000109        0x3 
 .data.USBD_CDC_DeviceQualifierDesc
                0x2000010c        0xa usbd_cdc.o
 *fill*         0x20000116        0x2 
 .data.USBD_CDC
                0x20000118       0x38 usbd_cdc.o
                0x20000118                USBD_CDC
 .data.USBD_CDC_CfgHSDesc
                0x20000150       0x43 usbd_cdc.o
 *fill*         0x20000193        0x1 
 .data.USBD_CDC_CfgFSDesc
                0x20000194       0x43 usbd_cdc.o
 *fill*         0x200001d7        0x1 
 .data.USBD_CDC_OtherSpeedCfgDesc
                0x200001d8       0x43 usbd_cdc.o
 *fill*         0x2000021b        0x1 
 .data.SystemCoreClock
                0x2000021c        0x4 system_stm32l4xx.o
                0x2000021c                SystemCoreClock
 .data.__fdlib_version
                0x20000220        0x1 c:/programdata/matlab/supportpackages/r2023a/3p.instrset/gnuarm-armcortex.instrset/win/bin/../lib/gcc/arm-none-eabi/9.3.1/../../../../arm-none-eabi/lib/thumb/v7e-m+fp/hard\libm.a(lib_a-s_lib_ver.o)
                0x20000220                __fdlib_version
 *fill*         0x20000221        0x3 
 .data._impure_ptr
                0x20000224        0x4 c:/programdata/matlab/supportpackages/r2023a/3p.instrset/gnuarm-armcortex.instrset/win/bin/../lib/gcc/arm-none-eabi/9.3.1/../../../../arm-none-eabi/lib/thumb/v7e-m+fp/hard\libc_nano.a(lib_a-impure.o)
                0x20000224                _impure_ptr
 .data.impure_data
                0x20000228       0x60 c:/programdata/matlab/supportpackages/r2023a/3p.instrset/gnuarm-armcortex.instrset/win/bin/../lib/gcc/arm-none-eabi/9.3.1/../../../../arm-none-eabi/lib/thumb/v7e-m+fp/hard\libc_nano.a(lib_a-impure.o)
 *(.RamFunc)
 *(.RamFunc*)
                0x20000288                . = ALIGN (0x4)
                0x20000288                _edata = .

.igot.plt       0x20000288        0x0 load address 0x0800fc08
 .igot.plt      0x20000288        0x0 c:/programdata/matlab/supportpackages/r2023a/3p.instrset/gnuarm-armcortex.instrset/win/bin/../lib/gcc/arm-none-eabi/9.3.1/thumb/v7e-m+fp/hard/crtbegin.o
                0x20000288                . = ALIGN (0x4)

.bss            0x20000288     0x4d98 load address 0x0800fc08
                0x20000288                _sbss = .
                0x20000288                __bss_start__ = _sbss
 *(.bss)
 .bss           0x20000288       0x1c c:/programdata/matlab/supportpackages/r2023a/3p.instrset/gnuarm-armcortex.instrset/win/bin/../lib/gcc/arm-none-eabi/9.3.1/thumb/v7e-m+fp/hard/crtbegin.o
 *(.bss*)
 .bss.MicroMouseTemplate_M_
                0x200002a4        0x4 MicroMouseTemplate.o
 .bss.profilingDataIdx
                0x200002a8        0x4 ert_main.o
                0x200002a8                profilingDataIdx
 .bss.IsrOverrun
                0x200002ac        0x4 ert_main.o
                0x200002ac                IsrOverrun
 .bss.OverrunFlag
                0x200002b0        0x1 ert_main.o
 *fill*         0x200002b1        0x3 
 .bss.diag_MOT_L
                0x200002b4        0x4 CustomWhile.o
                0x200002b4                diag_MOT_L
 .bss.diag_MOT_R
                0x200002b8        0x4 CustomWhile.o
                0x200002b8                diag_MOT_R
 .bss.mem.15632
                0x200002bc      0x220 usbd_conf.o
 .bss.usb_rx_index
                0x200004dc        0x1 usbd_cdc_if.o
                0x200004dc                usb_rx_index
 .bss.cfgidx.15481
                0x200004dd        0x1 usbd_ctlreq.o
 *(COMMON)
 *fill*         0x200004de        0x2 
 COMMON         0x200004e0       0x8c stm_timer_ll.o
                0x200004e0                mw_tim3
 COMMON         0x2000056c       0x18 stm_adc_ll.o
                0x2000056c                mw_adc2
 *fill*         0x20000584        0x4 
 COMMON         0x20000588     0x1bce MicroMouseTemplate.o
                0x20000588                ADC_H
                0x2000059c                Thresholds
                0x200005ac                currTicksRS
                0x200005b0                IMU_Gyro
                0x200005c0                MicroMouseTemplate_B
                0x20001728                MicroMouseTemplate_DW
                0x20002118                Detections
                0x20002120                currTicksLS
                0x20002124                ADC1s
                0x20002138                IMU_Accel
                0x20002144                ADC_L
 *fill*         0x20002156        0x2 
 COMMON         0x20002158     0x12c9 ert_main.o
                0x20002158                runModel
                0x2000215c                _tmwrunningCoreID
                0x20002160                profilingData
                0x20003420                stopRequested
 *fill*         0x20003421        0x3 
 COMMON         0x20003424        0xe IMU.o
                0x20003424                accelMem
                0x2000342a                checkIMU
                0x2000342c                gyroMem
 *fill*         0x20003432        0x2 
 COMMON         0x20003434       0x14 CustomWhile.o
                0x20003434                diag_ProSW
                0x20003438                diag_IR_LEDs
                0x20003440                diag_ProLED
                0x20003444                IR_LED_TIMER
 COMMON         0x20003448        0x8 SysTickScheduler.o
                0x20003448                schdl_counter_max
                0x2000344c                schdl_counter
 COMMON         0x20003450        0x4 m3m4m4f_multitasking.o
                0x20003450                taskToSchedule
 COMMON         0x20003454       0x54 i2c.o
                0x20003454                hi2c2
 COMMON         0x200034a8       0x4c tim.o
                0x200034a8                htim4
 COMMON         0x200034f4      0x2d0 usb_device.o
                0x200034f4                hUsbDeviceFS
 COMMON         0x200037c4      0x50c usbd_conf.o
                0x200037c4                hpcd_USB_OTG_FS
 COMMON         0x20003cd0      0x200 usbd_desc.o
                0x20003cd0                USBD_StrDesc
 COMMON         0x20003ed0     0x1100 usbd_cdc_if.o
                0x20003ed0                usb_rx_buffer
                0x20003fd0                UserRxBufferFS
                0x200047d0                UserTxBufferFS
 COMMON         0x20004fd0       0x4c stm32l4xx_hal_timebase_tim.o
                0x20004fd0                htim1
 COMMON         0x2000501c        0x4 stm32l4xx_hal.o
                0x2000501c                uwTick
                0x20005020                . = ALIGN (0x4)
                0x20005020                _ebss = .
                0x20005020                __bss_end__ = _ebss

._user_heap_stack
                0x20005020      0x600 load address 0x0800fc08
                0x20005020                . = ALIGN (0x8)
                [!provide]                PROVIDE (end = .)
                0x20005020                PROVIDE (_end = .)
                0x20005220                . = (. + _Min_Heap_Size)
 *fill*         0x20005020      0x200 
                0x20005620                . = (. + _Min_Stack_Size)
 *fill*         0x20005220      0x400 
                0x20005620                . = ALIGN (0x8)

/DISCARD/
 libc.a(*)
 libm.a(*)
 libgcc.a(*)

.ARM.attributes
                0x00000000       0x30
 *(.ARM.attributes)
 .ARM.attributes
                0x00000000       0x1e c:/programdata/matlab/supportpackages/r2023a/3p.instrset/gnuarm-armcortex.instrset/win/bin/../lib/gcc/arm-none-eabi/9.3.1/thumb/v7e-m+fp/hard/crti.o
 .ARM.attributes
                0x0000001e       0x34 c:/programdata/matlab/supportpackages/r2023a/3p.instrset/gnuarm-armcortex.instrset/win/bin/../lib/gcc/arm-none-eabi/9.3.1/thumb/v7e-m+fp/hard/crtbegin.o
 .ARM.attributes
                0x00000052       0x34 stm_timer_ll.o
 .ARM.attributes
                0x00000086       0x34 stm_adc_ll.o
 .ARM.attributes
                0x000000ba       0x34 MicroMouseTemplate.o
 .ARM.attributes
                0x000000ee       0x39 MicroMouseTemplate_data.o
 .ARM.attributes
                0x00000127       0x34 ert_main.o
 .ARM.attributes
                0x0000015b       0x34 IMU.o
 .ARM.attributes
                0x0000018f       0x34 CustomWhile.o
 .ARM.attributes
                0x000001c3       0x34 overrideHALDelay.o
 .ARM.attributes
                0x000001f7       0x34 platform_timer.o
 .ARM.attributes
                0x0000022b       0x34 SysTickScheduler.o
 .ARM.attributes
                0x0000025f       0x34 m3m4m4f_multitasking.o
 .ARM.attributes
                0x00000293       0x34 main.o
 .ARM.attributes
                0x000002c7       0x34 gpio.o
 .ARM.attributes
                0x000002fb       0x34 adc.o
 .ARM.attributes
                0x0000032f       0x34 dma.o
 .ARM.attributes
                0x00000363       0x34 i2c.o
 .ARM.attributes
                0x00000397       0x34 tim.o
 .ARM.attributes
                0x000003cb       0x34 usart.o
 .ARM.attributes
                0x000003ff       0x34 usb_device.o
 .ARM.attributes
                0x00000433       0x34 usbd_conf.o
 .ARM.attributes
                0x00000467       0x34 usbd_desc.o
 .ARM.attributes
                0x0000049b       0x34 usbd_cdc_if.o
 .ARM.attributes
                0x000004cf       0x34 stm32l4xx_it.o
 .ARM.attributes
                0x00000503       0x34 stm32l4xx_hal_msp.o
 .ARM.attributes
                0x00000537       0x34 stm32l4xx_hal_timebase_tim.o
 .ARM.attributes
                0x0000056b       0x34 stm32l4xx_ll_utils.o
 .ARM.attributes
                0x0000059f       0x34 stm32l4xx_ll_gpio.o
 .ARM.attributes
                0x000005d3       0x34 stm32l4xx_hal_pcd.o
 .ARM.attributes
                0x00000607       0x34 stm32l4xx_hal_pcd_ex.o
 .ARM.attributes
                0x0000063b       0x34 stm32l4xx_ll_usb.o
 .ARM.attributes
                0x0000066f       0x34 stm32l4xx_hal.o
 .ARM.attributes
                0x000006a3       0x34 stm32l4xx_hal_rcc.o
 .ARM.attributes
                0x000006d7       0x34 stm32l4xx_hal_gpio.o
 .ARM.attributes
                0x0000070b       0x34 stm32l4xx_hal_i2c.o
 .ARM.attributes
                0x0000073f       0x34 stm32l4xx_hal_i2c_ex.o
 .ARM.attributes
                0x00000773       0x34 stm32l4xx_hal_pwr_ex.o
 .ARM.attributes
                0x000007a7       0x34 stm32l4xx_hal_cortex.o
 .ARM.attributes
                0x000007db       0x34 stm32l4xx_ll_adc.o
 .ARM.attributes
                0x0000080f       0x34 stm32l4xx_hal_tim.o
 .ARM.attributes
                0x00000843       0x34 stm32l4xx_hal_tim_ex.o
 .ARM.attributes
                0x00000877       0x34 stm32l4xx_ll_tim.o
 .ARM.attributes
                0x000008ab       0x34 stm32l4xx_ll_usart.o
 .ARM.attributes
                0x000008df       0x34 stm32l4xx_ll_rcc.o
 .ARM.attributes
                0x00000913       0x34 usbd_core.o
 .ARM.attributes
                0x00000947       0x34 usbd_ctlreq.o
 .ARM.attributes
                0x0000097b       0x34 usbd_ioreq.o
 .ARM.attributes
                0x000009af       0x34 usbd_cdc.o
 .ARM.attributes
                0x000009e3       0x34 system_stm32l4xx.o
 .ARM.attributes
                0x00000a17       0x21 startup_stm32l476vetx.o
 .ARM.attributes
                0x00000a38       0x34 code_profiling_utility_functions.o
 .ARM.attributes
                0x00000a6c       0x34 c:/programdata/matlab/supportpackages/r2023a/3p.instrset/gnuarm-armcortex.instrset/win/bin/../lib/gcc/arm-none-eabi/9.3.1/../../../../arm-none-eabi/lib/thumb/v7e-m+fp/hard\libm.a(lib_a-s_floor.o)
 .ARM.attributes
                0x00000aa0       0x34 c:/programdata/matlab/supportpackages/r2023a/3p.instrset/gnuarm-armcortex.instrset/win/bin/../lib/gcc/arm-none-eabi/9.3.1/../../../../arm-none-eabi/lib/thumb/v7e-m+fp/hard\libm.a(lib_a-w_fmod.o)
 .ARM.attributes
                0x00000ad4       0x34 c:/programdata/matlab/supportpackages/r2023a/3p.instrset/gnuarm-armcortex.instrset/win/bin/../lib/gcc/arm-none-eabi/9.3.1/../../../../arm-none-eabi/lib/thumb/v7e-m+fp/hard\libm.a(lib_a-e_fmod.o)
 .ARM.attributes
                0x00000b08       0x32 c:/programdata/matlab/supportpackages/r2023a/3p.instrset/gnuarm-armcortex.instrset/win/bin/../lib/gcc/arm-none-eabi/9.3.1/../../../../arm-none-eabi/lib/thumb/v7e-m+fp/hard\libm.a(lib_a-s_lib_ver.o)
 .ARM.attributes
                0x00000b3a       0x1e c:/programdata/matlab/supportpackages/r2023a/3p.instrset/gnuarm-armcortex.instrset/win/bin/../lib/gcc/arm-none-eabi/9.3.1/thumb/v7e-m+fp/hard\libgcc.a(_arm_addsubdf3.o)
 .ARM.attributes
                0x00000b58       0x1e c:/programdata/matlab/supportpackages/r2023a/3p.instrset/gnuarm-armcortex.instrset/win/bin/../lib/gcc/arm-none-eabi/9.3.1/thumb/v7e-m+fp/hard\libgcc.a(_arm_muldivdf3.o)
 .ARM.attributes
                0x00000b76       0x1e c:/programdata/matlab/supportpackages/r2023a/3p.instrset/gnuarm-armcortex.instrset/win/bin/../lib/gcc/arm-none-eabi/9.3.1/thumb/v7e-m+fp/hard\libgcc.a(_arm_cmpdf2.o)
 .ARM.attributes
                0x00000b94       0x1e c:/programdata/matlab/supportpackages/r2023a/3p.instrset/gnuarm-armcortex.instrset/win/bin/../lib/gcc/arm-none-eabi/9.3.1/thumb/v7e-m+fp/hard\libgcc.a(_arm_unorddf2.o)
 .ARM.attributes
                0x00000bb2       0x1e c:/programdata/matlab/supportpackages/r2023a/3p.instrset/gnuarm-armcortex.instrset/win/bin/../lib/gcc/arm-none-eabi/9.3.1/thumb/v7e-m+fp/hard\libgcc.a(_arm_fixunsdfsi.o)
 .ARM.attributes
                0x00000bd0       0x34 c:/programdata/matlab/supportpackages/r2023a/3p.instrset/gnuarm-armcortex.instrset/win/bin/../lib/gcc/arm-none-eabi/9.3.1/../../../../arm-none-eabi/lib/thumb/v7e-m+fp/hard\libc_nano.a(lib_a-errno.o)
 .ARM.attributes
                0x00000c04       0x32 c:/programdata/matlab/supportpackages/r2023a/3p.instrset/gnuarm-armcortex.instrset/win/bin/../lib/gcc/arm-none-eabi/9.3.1/../../../../arm-none-eabi/lib/thumb/v7e-m+fp/hard\libc_nano.a(lib_a-impure.o)
 .ARM.attributes
                0x00000c36       0x34 c:/programdata/matlab/supportpackages/r2023a/3p.instrset/gnuarm-armcortex.instrset/win/bin/../lib/gcc/arm-none-eabi/9.3.1/../../../../arm-none-eabi/lib/thumb/v7e-m+fp/hard\libc_nano.a(lib_a-init.o)
 .ARM.attributes
                0x00000c6a       0x34 c:/programdata/matlab/supportpackages/r2023a/3p.instrset/gnuarm-armcortex.instrset/win/bin/../lib/gcc/arm-none-eabi/9.3.1/../../../../arm-none-eabi/lib/thumb/v7e-m+fp/hard\libc_nano.a(lib_a-memcpy-stub.o)
 .ARM.attributes
                0x00000c9e       0x34 c:/programdata/matlab/supportpackages/r2023a/3p.instrset/gnuarm-armcortex.instrset/win/bin/../lib/gcc/arm-none-eabi/9.3.1/../../../../arm-none-eabi/lib/thumb/v7e-m+fp/hard\libc_nano.a(lib_a-memset.o)
 .ARM.attributes